17:49:37 **** Clean-only build of configuration Debug for project quabo_service ****
make clean 
rm -rf  ./src/casper_src/casper_tapcp.o ./src/casper_src/casper_tftp.o ./src/casper_src/csl.o ./src/casper_src/flash.o ./src/casper_src/gpio_spi_sel.o ./src/casper_src/icap.o ./src/casper_src/spi.o ./src/casper_src/tftp_server.o ./src/casper_src/tmrctr.o  ./src/EthCore_Configuration.o ./src/main.o ./src/platform.o ./src/platform_mb.o  ./src/casper_src/casper_tapcp.d ./src/casper_src/casper_tftp.d ./src/casper_src/csl.d ./src/casper_src/flash.d ./src/casper_src/gpio_spi_sel.d ./src/casper_src/icap.d ./src/casper_src/spi.d ./src/casper_src/tftp_server.d ./src/casper_src/tmrctr.d  ./src/EthCore_Configuration.d ./src/main.d ./src/platform.d ./src/platform_mb.d  quabo_service.elf.size  quabo_service.elf
 
17:49:37 **** Build of configuration Debug for project quabo_service ****
make all 
Building file: ../src/casper_src/casper_tapcp.c
Invoking: MicroBlaze gcc compiler
mb-gcc -Wall -O0 -g3 -I../../standalone_bsp_0/microblaze_0/include -c -fmessage-length=0 -MT"src/casper_src/casper_tapcp.o" -mxl-frequency -mxl-frequency -mxl-frequency -mxl-frequency -mlittle-endian -mcpu=v11.0 -mxl-soft-mul -Wl,--no-relax -ffunction-sections -fdata-sections -MMD -MP -MF"src/casper_src/casper_tapcp.d" -MT"src/casper_src/casper_tapcp.o" -o "src/casper_src/casper_tapcp.o" "../src/casper_src/casper_tapcp.c"
../src/casper_src/casper_tapcp.c:737:1: warning: 'u32_to_hex' defined but not used [-Wunused-function]
 u32_to_hex(const uint32_t u32, uint8_t *p, uint8_t do_zeros)
 ^~~~~~~~~~
Finished building: ../src/casper_src/casper_tapcp.c
 
Building file: ../src/casper_src/casper_tftp.c
Invoking: MicroBlaze gcc compiler
mb-gcc -Wall -O0 -g3 -I../../standalone_bsp_0/microblaze_0/include -c -fmessage-length=0 -MT"src/casper_src/casper_tftp.o" -mxl-frequency -mxl-frequency -mxl-frequency -mxl-frequency -mlittle-endian -mcpu=v11.0 -mxl-soft-mul -Wl,--no-relax -ffunction-sections -fdata-sections -MMD -MP -MF"src/casper_src/casper_tftp.d" -MT"src/casper_src/casper_tftp.o" -o "src/casper_src/casper_tftp.o" "../src/casper_src/casper_tftp.c"
Finished building: ../src/casper_src/casper_tftp.c
 
Building file: ../src/casper_src/csl.c
Invoking: MicroBlaze gcc compiler
mb-gcc -Wall -O0 -g3 -I../../standalone_bsp_0/microblaze_0/include -c -fmessage-length=0 -MT"src/casper_src/csl.o" -mxl-frequency -mxl-frequency -mxl-frequency -mxl-frequency -mlittle-endian -mcpu=v11.0 -mxl-soft-mul -Wl,--no-relax -ffunction-sections -fdata-sections -MMD -MP -MF"src/casper_src/csl.d" -MT"src/casper_src/csl.o" -o "src/casper_src/csl.o" "../src/casper_src/csl.c"
Finished building: ../src/casper_src/csl.c
 
Building file: ../src/casper_src/flash.c
Invoking: MicroBlaze gcc compiler
mb-gcc -Wall -O0 -g3 -I../../standalone_bsp_0/microblaze_0/include -c -fmessage-length=0 -MT"src/casper_src/flash.o" -mxl-frequency -mxl-frequency -mxl-frequency -mxl-frequency -mlittle-endian -mcpu=v11.0 -mxl-soft-mul -Wl,--no-relax -ffunction-sections -fdata-sections -MMD -MP -MF"src/casper_src/flash.d" -MT"src/casper_src/flash.o" -o "src/casper_src/flash.o" "../src/casper_src/flash.c"
Finished building: ../src/casper_src/flash.c
 
Building file: ../src/casper_src/gpio_spi_sel.c
Invoking: MicroBlaze gcc compiler
mb-gcc -Wall -O0 -g3 -I../../standalone_bsp_0/microblaze_0/include -c -fmessage-length=0 -MT"src/casper_src/gpio_spi_sel.o" -mxl-frequency -mxl-frequency -mxl-frequency -mxl-frequency -mlittle-endian -mcpu=v11.0 -mxl-soft-mul -Wl,--no-relax -ffunction-sections -fdata-sections -MMD -MP -MF"src/casper_src/gpio_spi_sel.d" -MT"src/casper_src/gpio_spi_sel.o" -o "src/casper_src/gpio_spi_sel.o" "../src/casper_src/gpio_spi_sel.c"
Finished building: ../src/casper_src/gpio_spi_sel.c
 
Building file: ../src/casper_src/icap.c
Invoking: MicroBlaze gcc compiler
mb-gcc -Wall -O0 -g3 -I../../standalone_bsp_0/microblaze_0/include -c -fmessage-length=0 -MT"src/casper_src/icap.o" -mxl-frequency -mxl-frequency -mxl-frequency -mxl-frequency -mlittle-endian -mcpu=v11.0 -mxl-soft-mul -Wl,--no-relax -ffunction-sections -fdata-sections -MMD -MP -MF"src/casper_src/icap.d" -MT"src/casper_src/icap.o" -o "src/casper_src/icap.o" "../src/casper_src/icap.c"
Finished building: ../src/casper_src/icap.c
 
Building file: ../src/casper_src/spi.c
Invoking: MicroBlaze gcc compiler
mb-gcc -Wall -O0 -g3 -I../../standalone_bsp_0/microblaze_0/include -c -fmessage-length=0 -MT"src/casper_src/spi.o" -mxl-frequency -mxl-frequency -mxl-frequency -mxl-frequency -mlittle-endian -mcpu=v11.0 -mxl-soft-mul -Wl,--no-relax -ffunction-sections -fdata-sections -MMD -MP -MF"src/casper_src/spi.d" -MT"src/casper_src/spi.o" -o "src/casper_src/spi.o" "../src/casper_src/spi.c"
Finished building: ../src/casper_src/spi.c
 
Building file: ../src/casper_src/tftp_server.c
Invoking: MicroBlaze gcc compiler
mb-gcc -Wall -O0 -g3 -I../../standalone_bsp_0/microblaze_0/include -c -fmessage-length=0 -MT"src/casper_src/tftp_server.o" -mxl-frequency -mxl-frequency -mxl-frequency -mxl-frequency -mlittle-endian -mcpu=v11.0 -mxl-soft-mul -Wl,--no-relax -ffunction-sections -fdata-sections -MMD -MP -MF"src/casper_src/tftp_server.d" -MT"src/casper_src/tftp_server.o" -o "src/casper_src/tftp_server.o" "../src/casper_src/tftp_server.c"
Finished building: ../src/casper_src/tftp_server.c
 
Building file: ../src/casper_src/tmrctr.c
Invoking: MicroBlaze gcc compiler
mb-gcc -Wall -O0 -g3 -I../../standalone_bsp_0/microblaze_0/include -c -fmessage-length=0 -MT"src/casper_src/tmrctr.o" -mxl-frequency -mxl-frequency -mxl-frequency -mxl-frequency -mlittle-endian -mcpu=v11.0 -mxl-soft-mul -Wl,--no-relax -ffunction-sections -fdata-sections -MMD -MP -MF"src/casper_src/tmrctr.d" -MT"src/casper_src/tmrctr.o" -o "src/casper_src/tmrctr.o" "../src/casper_src/tmrctr.c"
Finished building: ../src/casper_src/tmrctr.c
 
Building file: ../src/EthCore_Configuration.c
Invoking: MicroBlaze gcc compiler
mb-gcc -Wall -O0 -g3 -I../../standalone_bsp_0/microblaze_0/include -c -fmessage-length=0 -MT"src/EthCore_Configuration.o" -mxl-frequency -mxl-frequency -mxl-frequency -mxl-frequency -mlittle-endian -mcpu=v11.0 -mxl-soft-mul -Wl,--no-relax -ffunction-sections -fdata-sections -MMD -MP -MF"src/EthCore_Configuration.d" -MT"src/EthCore_Configuration.o" -o "src/EthCore_Configuration.o" "../src/EthCore_Configuration.c"
../src/EthCore_Configuration.c:27:0: warning: "XPAR_AXIETHERNET_1_MCAST_EXTEND" redefined
 #define XPAR_AXIETHERNET_1_MCAST_EXTEND    1U    //WEI
 
In file included from ../../standalone_bsp_0/microblaze_0/include/xil_printf.h:12:0,
                 from ../../standalone_bsp_0/microblaze_0/include/xil_io.h:61,
                 from ../../standalone_bsp_0/microblaze_0/include/sleep.h:52,
                 from ../src/EthCore_Configuration.c:2:
../../standalone_bsp_0/microblaze_0/include/xparameters.h:575:0: note: this is the location of the previous definition
 #define XPAR_AXIETHERNET_1_MCAST_EXTEND 0U
 
Finished building: ../src/EthCore_Configuration.c
 
Building file: ../src/main.c
Invoking: MicroBlaze gcc compiler
mb-gcc -Wall -O0 -g3 -I../../standalone_bsp_0/microblaze_0/include -c -fmessage-length=0 -MT"src/main.o" -mxl-frequency -mxl-frequency -mxl-frequency -mxl-frequency -mlittle-endian -mcpu=v11.0 -mxl-soft-mul -Wl,--no-relax -ffunction-sections -fdata-sections -MMD -MP -MF"src/main.d" -MT"src/main.o" -o "src/main.o" "../src/main.c"
../src/main.c: In function 'main':
../src/main.c:507:20: warning: passing argument 2 of 'udp_recv' from incompatible pointer type [-Wincompatible-pointer-types]
  udp_recv(cmd_pcb, recv_callback, NULL);
                    ^~~~~~~~~~~~~
In file included from ../src/main.c:37:0:
../../standalone_bsp_0/microblaze_0/include/lwip/udp.h:123:18: note: expected 'udp_recv_fn {aka void (*)(void *, struct udp_pcb *, struct pbuf *, const struct ip4_addr *, short unsigned int)}' but argument is of type 'void (*)(void *, struct udp_pcb *, struct pbuf *, struct ip4_addr *, u16_t) {aka void (*)(void *, struct udp_pcb *, struct pbuf *, struct ip4_addr *, short unsigned int)}'
 void             udp_recv       (struct udp_pcb *pcb, udp_recv_fn recv,
                  ^~~~~~~~
../src/main.c: In function 'Set_MAROC_registers':
../src/main.c:907:6: warning: variable 'val2write' set but not used [-Wunused-but-set-variable]
  u32 val2write;
      ^~~~~~~~~
In file included from ../../standalone_bsp_0/microblaze_0/include/xspi.h:314:0,
                 from ../src/main.c:40:
../src/main.c: In function 'GetHouseKeeping':
../../standalone_bsp_0/microblaze_0/include/xspi_l.h:98:12: warning: passing argument 1 of 'Xil_In32' makes integer from pointer without a cast [-Wint-conversion]
  XSpi_In32((BaseAddress) + (RegOffset))
            ^
../src/main.c:1142:7: note: in expansion of macro 'XSpi_ReadReg'
  if ((XSpi_ReadReg(&Spi, XSP_SR_OFFSET) & XSP_SR_TX_EMPTY_MASK) != 0) return -1;
       ^~~~~~~~~~~~
In file included from ../../standalone_bsp_0/microblaze_0/include/xgpio_l.h:83:0,
                 from ../../standalone_bsp_0/microblaze_0/include/xgpio.h:132,
                 from ../src/main.c:28:
../../standalone_bsp_0/microblaze_0/include/xil_io.h:147:19: note: expected 'UINTPTR {aka unsigned int}' but argument is of type 'XSpi * {aka struct <anonymous> *}'
 static INLINE u32 Xil_In32(UINTPTR Addr)
                   ^~~~~~~~
In file included from ../../standalone_bsp_0/microblaze_0/include/xspi.h:314:0,
                 from ../src/main.c:40:
../src/main.c: In function 'WR_int_callback':
../../standalone_bsp_0/microblaze_0/include/xspi_l.h:98:12: warning: passing argument 1 of 'Xil_In32' makes integer from pointer without a cast [-Wint-conversion]
  XSpi_In32((BaseAddress) + (RegOffset))
            ^
../src/main.c:1798:10: note: in expansion of macro 'XSpi_ReadReg'
  while ((XSpi_ReadReg(&Spi, XSP_SR_OFFSET) & XSP_SR_TX_EMPTY_MASK) != 0);
          ^~~~~~~~~~~~
In file included from ../../standalone_bsp_0/microblaze_0/include/xgpio_l.h:83:0,
                 from ../../standalone_bsp_0/microblaze_0/include/xgpio.h:132,
                 from ../src/main.c:28:
../../standalone_bsp_0/microblaze_0/include/xil_io.h:147:19: note: expected 'UINTPTR {aka unsigned int}' but argument is of type 'XSpi * {aka struct <anonymous> *}'
 static INLINE u32 Xil_In32(UINTPTR Addr)
                   ^~~~~~~~
Finished building: ../src/main.c
 
Building file: ../src/platform.c
Invoking: MicroBlaze gcc compiler
mb-gcc -Wall -O0 -g3 -I../../standalone_bsp_0/microblaze_0/include -c -fmessage-length=0 -MT"src/platform.o" -mxl-frequency -mxl-frequency -mxl-frequency -mxl-frequency -mlittle-endian -mcpu=v11.0 -mxl-soft-mul -Wl,--no-relax -ffunction-sections -fdata-sections -MMD -MP -MF"src/platform.d" -MT"src/platform.o" -o "src/platform.o" "../src/platform.c"
../src/platform.c: In function 'platform_setup_interrupts':
../src/platform.c:118:2: warning: implicit declaration of function 'init_gpio_spi_sel' [-Wimplicit-function-declaration]
  init_gpio_spi_sel();
  ^~~~~~~~~~~~~~~~~
Finished building: ../src/platform.c
 
Building file: ../src/platform_mb.c
Invoking: MicroBlaze gcc compiler
mb-gcc -Wall -O0 -g3 -I../../standalone_bsp_0/microblaze_0/include -c -fmessage-length=0 -MT"src/platform_mb.o" -mxl-frequency -mxl-frequency -mxl-frequency -mxl-frequency -mlittle-endian -mcpu=v11.0 -mxl-soft-mul -Wl,--no-relax -ffunction-sections -fdata-sections -MMD -MP -MF"src/platform_mb.d" -MT"src/platform_mb.o" -o "src/platform_mb.o" "../src/platform_mb.c"
Finished building: ../src/platform_mb.c
 
Building target: quabo_service.elf
Invoking: MicroBlaze gcc linker
mb-gcc -L../../standalone_bsp_0/microblaze_0/lib -Wl,-T -Wl,../src/lscript.ld -mlittle-endian -mcpu=v11.0 -mxl-soft-mul -Wl,--no-relax -Wl,--gc-sections -o "quabo_service.elf"  ./src/casper_src/casper_tapcp.o ./src/casper_src/casper_tftp.o ./src/casper_src/csl.o ./src/casper_src/flash.o ./src/casper_src/gpio_spi_sel.o ./src/casper_src/icap.o ./src/casper_src/spi.o ./src/casper_src/tftp_server.o ./src/casper_src/tmrctr.o  ./src/EthCore_Configuration.o ./src/main.o ./src/platform.o ./src/platform_mb.o   -Wl,--start-group,-lxil,-lgcc,-lc,--end-group -Wl,--start-group,-lxil,-llwip4,-lgcc,-lc,--end-group
Finished building target: quabo_service.elf
 
Invoking: MicroBlaze Print Size
mb-size quabo_service.elf  |tee "quabo_service.elf.size"
   text	   data	    bss	    dec	    hex	filename
 111306	   2136	 141542	 254984	  3e408	quabo_service.elf
Finished building: quabo_service.elf.size
 
17:51:27 **** Build of project standalone_bsp_0 ****
make -k all 
Running Make include in microblaze_0/libsrc/tmrctr_v4_5/src
make -C microblaze_0/libsrc/tmrctr_v4_5/src -s include  "SHELL=/bin/sh" "COMPILER=mb-gcc" "ARCHIVER=mb-ar" "COMPILER_FLAGS=  -O2 -c -mcpu=v11.0 -mlittle-endian -mxl-frequency -mxl-soft-mul" "EXTRA_COMPILER_FLAGS=-ffunction-sections -fdata-sections -Wall -Wextra -g3"
Running Make include in microblaze_0/libsrc/standalone_v6_8/src
make -C microblaze_0/libsrc/standalone_v6_8/src -s include  "SHELL=/bin/sh" "COMPILER=mb-gcc" "ARCHIVER=mb-ar" "COMPILER_FLAGS=  -O2 -c -mcpu=v11.0 -mlittle-endian -mxl-frequency -mxl-soft-mul" "EXTRA_COMPILER_FLAGS=-ffunction-sections -fdata-sections -Wall -Wextra -g3"
Running Make include in microblaze_0/libsrc/lwip202_v1_2/src
make -C microblaze_0/libsrc/lwip202_v1_2/src -s include  "SHELL=/bin/sh" "COMPILER=mb-gcc" "ARCHIVER=mb-ar" "COMPILER_FLAGS=  -O2 -c -mcpu=v11.0 -mlittle-endian -mxl-frequency -mxl-soft-mul" "EXTRA_COMPILER_FLAGS=-ffunction-sections -fdata-sections -Wall -Wextra -g3"
Running Make include in microblaze_0/libsrc/llfifo_v5_2/src
make -C microblaze_0/libsrc/llfifo_v5_2/src -s include  "SHELL=/bin/sh" "COMPILER=mb-gcc" "ARCHIVER=mb-ar" "COMPILER_FLAGS=  -O2 -c -mcpu=v11.0 -mlittle-endian -mxl-frequency -mxl-soft-mul" "EXTRA_COMPILER_FLAGS=-ffunction-sections -fdata-sections -Wall -Wextra -g3"
Running Make include in microblaze_0/libsrc/hwicap_v11_1/src
make -C microblaze_0/libsrc/hwicap_v11_1/src -s include  "SHELL=/bin/sh" "COMPILER=mb-gcc" "ARCHIVER=mb-ar" "COMPILER_FLAGS=  -O2 -c -mcpu=v11.0 -mlittle-endian -mxl-frequency -mxl-soft-mul" "EXTRA_COMPILER_FLAGS=-ffunction-sections -fdata-sections -Wall -Wextra -g3"
Running Make include in microblaze_0/libsrc/iic_v3_5/src
make -C microblaze_0/libsrc/iic_v3_5/src -s include  "SHELL=/bin/sh" "COMPILER=mb-gcc" "ARCHIVER=mb-ar" "COMPILER_FLAGS=  -O2 -c -mcpu=v11.0 -mlittle-endian -mxl-frequency -mxl-soft-mul" "EXTRA_COMPILER_FLAGS=-ffunction-sections -fdata-sections -Wall -Wextra -g3"
Running Make include in microblaze_0/libsrc/axiethernet_v5_8/src
make -C microblaze_0/libsrc/axiethernet_v5_8/src -s include  "SHELL=/bin/sh" "COMPILER=mb-gcc" "ARCHIVER=mb-ar" "COMPILER_FLAGS=  -O2 -c -mcpu=v11.0 -mlittle-endian -mxl-frequency -mxl-soft-mul" "EXTRA_COMPILER_FLAGS=-ffunction-sections -fdata-sections -Wall -Wextra -g3"
Running Make include in microblaze_0/libsrc/uartlite_v3_2/src
make -C microblaze_0/libsrc/uartlite_v3_2/src -s include  "SHELL=/bin/sh" "COMPILER=mb-gcc" "ARCHIVER=mb-ar" "COMPILER_FLAGS=  -O2 -c -mcpu=v11.0 -mlittle-endian -mxl-frequency -mxl-soft-mul" "EXTRA_COMPILER_FLAGS=-ffunction-sections -fdata-sections -Wall -Wextra -g3"
Running Make include in microblaze_0/libsrc/bram_v4_2/src
make -C microblaze_0/libsrc/bram_v4_2/src -s include  "SHELL=/bin/sh" "COMPILER=mb-gcc" "ARCHIVER=mb-ar" "COMPILER_FLAGS=  -O2 -c -mcpu=v11.0 -mlittle-endian -mxl-frequency -mxl-soft-mul" "EXTRA_COMPILER_FLAGS=-ffunction-sections -fdata-sections -Wall -Wextra -g3"
Running Make include in microblaze_0/libsrc/spi_v4_4/src
make -C microblaze_0/libsrc/spi_v4_4/src -s include  "SHELL=/bin/sh" "COMPILER=mb-gcc" "ARCHIVER=mb-ar" "COMPILER_FLAGS=  -O2 -c -mcpu=v11.0 -mlittle-endian -mxl-frequency -mxl-soft-mul" "EXTRA_COMPILER_FLAGS=-ffunction-sections -fdata-sections -Wall -Wextra -g3"
Running Make include in microblaze_0/libsrc/cpu_v2_8/src
make -C microblaze_0/libsrc/cpu_v2_8/src -s include  "SHELL=/bin/sh" "COMPILER=mb-gcc" "ARCHIVER=mb-ar" "COMPILER_FLAGS=  -O2 -c -mcpu=v11.0 -mlittle-endian -mxl-frequency -mxl-soft-mul" "EXTRA_COMPILER_FLAGS=-ffunction-sections -fdata-sections -Wall -Wextra -g3"
Running Make include in microblaze_0/libsrc/gpio_v4_3/src
make -C microblaze_0/libsrc/gpio_v4_3/src -s include  "SHELL=/bin/sh" "COMPILER=mb-gcc" "ARCHIVER=mb-ar" "COMPILER_FLAGS=  -O2 -c -mcpu=v11.0 -mlittle-endian -mxl-frequency -mxl-soft-mul" "EXTRA_COMPILER_FLAGS=-ffunction-sections -fdata-sections -Wall -Wextra -g3"
Running Make include in microblaze_0/libsrc/maroc_slow_control_v1_0/src
make -C microblaze_0/libsrc/maroc_slow_control_v1_0/src -s include  "SHELL=/bin/sh" "COMPILER=mb-gcc" "ARCHIVER=mb-ar" "COMPILER_FLAGS=  -O2 -c -mcpu=v11.0 -mlittle-endian -mxl-frequency -mxl-soft-mul" "EXTRA_COMPILER_FLAGS=-ffunction-sections -fdata-sections -Wall -Wextra -g3"
Running Make include in microblaze_0/libsrc/intc_v3_8/src
make -C microblaze_0/libsrc/intc_v3_8/src -s include  "SHELL=/bin/sh" "COMPILER=mb-gcc" "ARCHIVER=mb-ar" "COMPILER_FLAGS=  -O2 -c -mcpu=v11.0 -mlittle-endian -mxl-frequency -mxl-soft-mul" "EXTRA_COMPILER_FLAGS=-ffunction-sections -fdata-sections -Wall -Wextra -g3"
Running Make include in microblaze_0/libsrc/maroc_dc_v1_0/src
make -C microblaze_0/libsrc/maroc_dc_v1_0/src -s include  "SHELL=/bin/sh" "COMPILER=mb-gcc" "ARCHIVER=mb-ar" "COMPILER_FLAGS=  -O2 -c -mcpu=v11.0 -mlittle-endian -mxl-frequency -mxl-soft-mul" "EXTRA_COMPILER_FLAGS=-ffunction-sections -fdata-sections -Wall -Wextra -g3"
Running Make include in microblaze_0/libsrc/sysmon_v7_5/src
make -C microblaze_0/libsrc/sysmon_v7_5/src -s include  "SHELL=/bin/sh" "COMPILER=mb-gcc" "ARCHIVER=mb-ar" "COMPILER_FLAGS=  -O2 -c -mcpu=v11.0 -mlittle-endian -mxl-frequency -mxl-soft-mul" "EXTRA_COMPILER_FLAGS=-ffunction-sections -fdata-sections -Wall -Wextra -g3"
Running Make include in microblaze_0/libsrc/wdttb_v4_3/src
make -C microblaze_0/libsrc/wdttb_v4_3/src -s include  "SHELL=/bin/sh" "COMPILER=mb-gcc" "ARCHIVER=mb-ar" "COMPILER_FLAGS=  -O2 -c -mcpu=v11.0 -mlittle-endian -mxl-frequency -mxl-soft-mul" "EXTRA_COMPILER_FLAGS=-ffunction-sections -fdata-sections -Wall -Wextra -g3"
Running Make libs in microblaze_0/libsrc/tmrctr_v4_5/src
make -C microblaze_0/libsrc/tmrctr_v4_5/src -s libs  "SHELL=/bin/sh" "COMPILER=mb-gcc" "ARCHIVER=mb-ar" "COMPILER_FLAGS=  -O2 -c -mcpu=v11.0 -mlittle-endian -mxl-frequency -mxl-soft-mul" "EXTRA_COMPILER_FLAGS=-ffunction-sections -fdata-sections -Wall -Wextra -g3"
Compiling tmrctr
Running Make libs in microblaze_0/libsrc/standalone_v6_8/src
make -C microblaze_0/libsrc/standalone_v6_8/src -s libs  "SHELL=/bin/sh" "COMPILER=mb-gcc" "ARCHIVER=mb-ar" "COMPILER_FLAGS=  -O2 -c -mcpu=v11.0 -mlittle-endian -mxl-frequency -mxl-soft-mul" "EXTRA_COMPILER_FLAGS=-ffunction-sections -fdata-sections -Wall -Wextra -g3"
Compiling standalone
microblaze_sleep.c:77:9: note: #pragma message: For the sleep routines, assembly instructions are used
 #pragma message ("For the sleep routines, assembly instructions are used")
         ^~~~~~~
Running Make libs in microblaze_0/libsrc/lwip202_v1_2/src
make -C microblaze_0/libsrc/lwip202_v1_2/src -s libs  "SHELL=/bin/sh" "COMPILER=mb-gcc" "ARCHIVER=mb-ar" "COMPILER_FLAGS=  -O2 -c -mcpu=v11.0 -mlittle-endian -mxl-frequency -mxl-soft-mul" "EXTRA_COMPILER_FLAGS=-ffunction-sections -fdata-sections -Wall -Wextra -g3"
Compiling lwip src and adapter files
Running Make libs in microblaze_0/libsrc/llfifo_v5_2/src
make -C microblaze_0/libsrc/llfifo_v5_2/src -s libs  "SHELL=/bin/sh" "COMPILER=mb-gcc" "ARCHIVER=mb-ar" "COMPILER_FLAGS=  -O2 -c -mcpu=v11.0 -mlittle-endian -mxl-frequency -mxl-soft-mul" "EXTRA_COMPILER_FLAGS=-ffunction-sections -fdata-sections -Wall -Wextra -g3"
Compiling llfifo
Running Make libs in microblaze_0/libsrc/hwicap_v11_1/src
make -C microblaze_0/libsrc/hwicap_v11_1/src -s libs  "SHELL=/bin/sh" "COMPILER=mb-gcc" "ARCHIVER=mb-ar" "COMPILER_FLAGS=  -O2 -c -mcpu=v11.0 -mlittle-endian -mxl-frequency -mxl-soft-mul" "EXTRA_COMPILER_FLAGS=-ffunction-sections -fdata-sections -Wall -Wextra -g3"
Compiling hwicap
Running Make libs in microblaze_0/libsrc/iic_v3_5/src
make -C microblaze_0/libsrc/iic_v3_5/src -s libs  "SHELL=/bin/sh" "COMPILER=mb-gcc" "ARCHIVER=mb-ar" "COMPILER_FLAGS=  -O2 -c -mcpu=v11.0 -mlittle-endian -mxl-frequency -mxl-soft-mul" "EXTRA_COMPILER_FLAGS=-ffunction-sections -fdata-sections -Wall -Wextra -g3"
Compiling iic
Running Make libs in microblaze_0/libsrc/axiethernet_v5_8/src
make -C microblaze_0/libsrc/axiethernet_v5_8/src -s libs  "SHELL=/bin/sh" "COMPILER=mb-gcc" "ARCHIVER=mb-ar" "COMPILER_FLAGS=  -O2 -c -mcpu=v11.0 -mlittle-endian -mxl-frequency -mxl-soft-mul" "EXTRA_COMPILER_FLAGS=-ffunction-sections -fdata-sections -Wall -Wextra -g3"
Compiling axiethernet
xaxiethernet_g.c:71:2: warning: missing initializer for field 'AxiMcDmaChan_Cnt' of 'XAxiEthernet_Config {aka struct XAxiEthernet_Config}' [-Wmissing-field-initializers]
  },
  ^
In file included from xaxiethernet_g.c:37:0:
xaxiethernet.h:791:5: note: 'AxiMcDmaChan_Cnt' declared here
  u8 AxiMcDmaChan_Cnt;  /**< Axi MCDMA Channel Count */
     ^~~~~~~~~~~~~~~~
xaxiethernet_g.c:95:2: warning: missing initializer for field 'AxiFifoIntr' of 'XAxiEthernet_Config {aka struct XAxiEthernet_Config}' [-Wmissing-field-initializers]
  }
  ^
In file included from xaxiethernet_g.c:37:0:
xaxiethernet.h:788:5: note: 'AxiFifoIntr' declared here
  u8 AxiFifoIntr; /**< AxiFifoIntr interrupt ID (unused if DMA) */
     ^~~~~~~~~~~
Running Make libs in microblaze_0/libsrc/uartlite_v3_2/src
make -C microblaze_0/libsrc/uartlite_v3_2/src -s libs  "SHELL=/bin/sh" "COMPILER=mb-gcc" "ARCHIVER=mb-ar" "COMPILER_FLAGS=  -O2 -c -mcpu=v11.0 -mlittle-endian -mxl-frequency -mxl-soft-mul" "EXTRA_COMPILER_FLAGS=-ffunction-sections -fdata-sections -Wall -Wextra -g3"
Compiling uartlite
Running Make libs in microblaze_0/libsrc/bram_v4_2/src
make -C microblaze_0/libsrc/bram_v4_2/src -s libs  "SHELL=/bin/sh" "COMPILER=mb-gcc" "ARCHIVER=mb-ar" "COMPILER_FLAGS=  -O2 -c -mcpu=v11.0 -mlittle-endian -mxl-frequency -mxl-soft-mul" "EXTRA_COMPILER_FLAGS=-ffunction-sections -fdata-sections -Wall -Wextra -g3"
Compiling bram
Running Make libs in microblaze_0/libsrc/spi_v4_4/src
make -C microblaze_0/libsrc/spi_v4_4/src -s libs  "SHELL=/bin/sh" "COMPILER=mb-gcc" "ARCHIVER=mb-ar" "COMPILER_FLAGS=  -O2 -c -mcpu=v11.0 -mlittle-endian -mxl-frequency -mxl-soft-mul" "EXTRA_COMPILER_FLAGS=-ffunction-sections -fdata-sections -Wall -Wextra -g3"
Compiling spi
Running Make libs in microblaze_0/libsrc/cpu_v2_8/src
make -C microblaze_0/libsrc/cpu_v2_8/src -s libs  "SHELL=/bin/sh" "COMPILER=mb-gcc" "ARCHIVER=mb-ar" "COMPILER_FLAGS=  -O2 -c -mcpu=v11.0 -mlittle-endian -mxl-frequency -mxl-soft-mul" "EXTRA_COMPILER_FLAGS=-ffunction-sections -fdata-sections -Wall -Wextra -g3"
Compiling cpu
Running Make libs in microblaze_0/libsrc/gpio_v4_3/src
make -C microblaze_0/libsrc/gpio_v4_3/src -s libs  "SHELL=/bin/sh" "COMPILER=mb-gcc" "ARCHIVER=mb-ar" "COMPILER_FLAGS=  -O2 -c -mcpu=v11.0 -mlittle-endian -mxl-frequency -mxl-soft-mul" "EXTRA_COMPILER_FLAGS=-ffunction-sections -fdata-sections -Wall -Wextra -g3"
Compiling gpio
Running Make libs in microblaze_0/libsrc/maroc_slow_control_v1_0/src
make -C microblaze_0/libsrc/maroc_slow_control_v1_0/src -s libs  "SHELL=/bin/sh" "COMPILER=mb-gcc" "ARCHIVER=mb-ar" "COMPILER_FLAGS=  -O2 -c -mcpu=v11.0 -mlittle-endian -mxl-frequency -mxl-soft-mul" "EXTRA_COMPILER_FLAGS=-ffunction-sections -fdata-sections -Wall -Wextra -g3"
Compiling maroc_slow_control...
maroc_slow_control_selftest.c: In function 'MAROC_SLOW_CONTROL_Reg_SelfTest':
maroc_slow_control_selftest.c:52:67: warning: comparison between signed and unsigned integer expressions [-Wsign-compare]
    if ( MAROC_SLOW_CONTROL_mReadReg (baseaddr, read_loop_index*4) != (read_loop_index+1)*READ_WRITE_MUL_FACTOR){
                                                                   ^~
maroc_slow_control_selftest.c:36:6: warning: unused variable 'Index' [-Wunused-variable]
  int Index;
      ^~~~~
Running Make libs in microblaze_0/libsrc/intc_v3_8/src
make -C microblaze_0/libsrc/intc_v3_8/src -s libs  "SHELL=/bin/sh" "COMPILER=mb-gcc" "ARCHIVER=mb-ar" "COMPILER_FLAGS=  -O2 -c -mcpu=v11.0 -mlittle-endian -mxl-frequency -mxl-soft-mul" "EXTRA_COMPILER_FLAGS=-ffunction-sections -fdata-sections -Wall -Wextra -g3"
Compiling intc
Running Make libs in microblaze_0/libsrc/maroc_dc_v1_0/src
make -C microblaze_0/libsrc/maroc_dc_v1_0/src -s libs  "SHELL=/bin/sh" "COMPILER=mb-gcc" "ARCHIVER=mb-ar" "COMPILER_FLAGS=  -O2 -c -mcpu=v11.0 -mlittle-endian -mxl-frequency -mxl-soft-mul" "EXTRA_COMPILER_FLAGS=-ffunction-sections -fdata-sections -Wall -Wextra -g3"
Compiling maroc_dc...
maroc_dc_selftest.c: In function 'MAROC_DC_Reg_SelfTest':
maroc_dc_selftest.c:52:57: warning: comparison between signed and unsigned integer expressions [-Wsign-compare]
    if ( MAROC_DC_mReadReg (baseaddr, read_loop_index*4) != (read_loop_index+1)*READ_WRITE_MUL_FACTOR){
                                                         ^~
maroc_dc_selftest.c:36:6: warning: unused variable 'Index' [-Wunused-variable]
  int Index;
      ^~~~~
Running Make libs in microblaze_0/libsrc/sysmon_v7_5/src
make -C microblaze_0/libsrc/sysmon_v7_5/src -s libs  "SHELL=/bin/sh" "COMPILER=mb-gcc" "ARCHIVER=mb-ar" "COMPILER_FLAGS=  -O2 -c -mcpu=v11.0 -mlittle-endian -mxl-frequency -mxl-soft-mul" "EXTRA_COMPILER_FLAGS=-ffunction-sections -fdata-sections -Wall -Wextra -g3"
Compiling sysmon
Running Make libs in microblaze_0/libsrc/wdttb_v4_3/src
make -C microblaze_0/libsrc/wdttb_v4_3/src -s libs  "SHELL=/bin/sh" "COMPILER=mb-gcc" "ARCHIVER=mb-ar" "COMPILER_FLAGS=  -O2 -c -mcpu=v11.0 -mlittle-endian -mxl-frequency -mxl-soft-mul" "EXTRA_COMPILER_FLAGS=-ffunction-sections -fdata-sections -Wall -Wextra -g3"
Compiling wdttb
In file included from xwdttb.h:169:0,
                 from xwdttb.c:83:
xwdttb.c: In function 'XWdtTb_ProgramWDTWidth':
../../../include/xil_assert.h:108:9: warning: 'return' with no value, in function returning non-void
         return;                                    \
         ^
xwdttb.c:1228:2: note: in expansion of macro 'Xil_AssertVoid'
  Xil_AssertVoid(InstancePtr != NULL);
  ^~~~~~~~~~~~~~
xwdttb.c:1225:5: note: declared here
 u32 XWdtTb_ProgramWDTWidth(XWdtTb *InstancePtr, u32 width)
     ^~~~~~~~~~~~~~~~~~~~~~
Finished building libraries
17:51:50 **** Auto Build of configuration Debug for project quabo_service ****
make all 
Building file: ../src/casper_src/casper_tapcp.c
Invoking: MicroBlaze gcc compiler
mb-gcc -Wall -O0 -g3 -I../../standalone_bsp_0/microblaze_0/include -c -fmessage-length=0 -MT"src/casper_src/casper_tapcp.o" -mxl-frequency -mxl-frequency -mxl-frequency -mxl-frequency -mlittle-endian -mcpu=v11.0 -mxl-soft-mul -Wl,--no-relax -ffunction-sections -fdata-sections -MMD -MP -MF"src/casper_src/casper_tapcp.d" -MT"src/casper_src/casper_tapcp.o" -o "src/casper_src/casper_tapcp.o" "../src/casper_src/casper_tapcp.c"
../src/casper_src/casper_tapcp.c:737:1: warning: 'u32_to_hex' defined but not used [-Wunused-function]
 u32_to_hex(const uint32_t u32, uint8_t *p, uint8_t do_zeros)
 ^~~~~~~~~~
Finished building: ../src/casper_src/casper_tapcp.c
 
Building file: ../src/casper_src/casper_tftp.c
Invoking: MicroBlaze gcc compiler
mb-gcc -Wall -O0 -g3 -I../../standalone_bsp_0/microblaze_0/include -c -fmessage-length=0 -MT"src/casper_src/casper_tftp.o" -mxl-frequency -mxl-frequency -mxl-frequency -mxl-frequency -mlittle-endian -mcpu=v11.0 -mxl-soft-mul -Wl,--no-relax -ffunction-sections -fdata-sections -MMD -MP -MF"src/casper_src/casper_tftp.d" -MT"src/casper_src/casper_tftp.o" -o "src/casper_src/casper_tftp.o" "../src/casper_src/casper_tftp.c"
Finished building: ../src/casper_src/casper_tftp.c
 
Building file: ../src/casper_src/flash.c
Invoking: MicroBlaze gcc compiler
mb-gcc -Wall -O0 -g3 -I../../standalone_bsp_0/microblaze_0/include -c -fmessage-length=0 -MT"src/casper_src/flash.o" -mxl-frequency -mxl-frequency -mxl-frequency -mxl-frequency -mlittle-endian -mcpu=v11.0 -mxl-soft-mul -Wl,--no-relax -ffunction-sections -fdata-sections -MMD -MP -MF"src/casper_src/flash.d" -MT"src/casper_src/flash.o" -o "src/casper_src/flash.o" "../src/casper_src/flash.c"
Finished building: ../src/casper_src/flash.c
 
Building file: ../src/casper_src/gpio_spi_sel.c
Invoking: MicroBlaze gcc compiler
mb-gcc -Wall -O0 -g3 -I../../standalone_bsp_0/microblaze_0/include -c -fmessage-length=0 -MT"src/casper_src/gpio_spi_sel.o" -mxl-frequency -mxl-frequency -mxl-frequency -mxl-frequency -mlittle-endian -mcpu=v11.0 -mxl-soft-mul -Wl,--no-relax -ffunction-sections -fdata-sections -MMD -MP -MF"src/casper_src/gpio_spi_sel.d" -MT"src/casper_src/gpio_spi_sel.o" -o "src/casper_src/gpio_spi_sel.o" "../src/casper_src/gpio_spi_sel.c"
Finished building: ../src/casper_src/gpio_spi_sel.c
 
Building file: ../src/casper_src/icap.c
Invoking: MicroBlaze gcc compiler
mb-gcc -Wall -O0 -g3 -I../../standalone_bsp_0/microblaze_0/include -c -fmessage-length=0 -MT"src/casper_src/icap.o" -mxl-frequency -mxl-frequency -mxl-frequency -mxl-frequency -mlittle-endian -mcpu=v11.0 -mxl-soft-mul -Wl,--no-relax -ffunction-sections -fdata-sections -MMD -MP -MF"src/casper_src/icap.d" -MT"src/casper_src/icap.o" -o "src/casper_src/icap.o" "../src/casper_src/icap.c"
Finished building: ../src/casper_src/icap.c
 
Building file: ../src/casper_src/spi.c
Invoking: MicroBlaze gcc compiler
mb-gcc -Wall -O0 -g3 -I../../standalone_bsp_0/microblaze_0/include -c -fmessage-length=0 -MT"src/casper_src/spi.o" -mxl-frequency -mxl-frequency -mxl-frequency -mxl-frequency -mlittle-endian -mcpu=v11.0 -mxl-soft-mul -Wl,--no-relax -ffunction-sections -fdata-sections -MMD -MP -MF"src/casper_src/spi.d" -MT"src/casper_src/spi.o" -o "src/casper_src/spi.o" "../src/casper_src/spi.c"
Finished building: ../src/casper_src/spi.c
 
Building file: ../src/casper_src/tftp_server.c
Invoking: MicroBlaze gcc compiler
mb-gcc -Wall -O0 -g3 -I../../standalone_bsp_0/microblaze_0/include -c -fmessage-length=0 -MT"src/casper_src/tftp_server.o" -mxl-frequency -mxl-frequency -mxl-frequency -mxl-frequency -mlittle-endian -mcpu=v11.0 -mxl-soft-mul -Wl,--no-relax -ffunction-sections -fdata-sections -MMD -MP -MF"src/casper_src/tftp_server.d" -MT"src/casper_src/tftp_server.o" -o "src/casper_src/tftp_server.o" "../src/casper_src/tftp_server.c"
Finished building: ../src/casper_src/tftp_server.c
 
Building file: ../src/casper_src/tmrctr.c
Invoking: MicroBlaze gcc compiler
mb-gcc -Wall -O0 -g3 -I../../standalone_bsp_0/microblaze_0/include -c -fmessage-length=0 -MT"src/casper_src/tmrctr.o" -mxl-frequency -mxl-frequency -mxl-frequency -mxl-frequency -mlittle-endian -mcpu=v11.0 -mxl-soft-mul -Wl,--no-relax -ffunction-sections -fdata-sections -MMD -MP -MF"src/casper_src/tmrctr.d" -MT"src/casper_src/tmrctr.o" -o "src/casper_src/tmrctr.o" "../src/casper_src/tmrctr.c"
Finished building: ../src/casper_src/tmrctr.c
 
Building file: ../src/EthCore_Configuration.c
Invoking: MicroBlaze gcc compiler
mb-gcc -Wall -O0 -g3 -I../../standalone_bsp_0/microblaze_0/include -c -fmessage-length=0 -MT"src/EthCore_Configuration.o" -mxl-frequency -mxl-frequency -mxl-frequency -mxl-frequency -mlittle-endian -mcpu=v11.0 -mxl-soft-mul -Wl,--no-relax -ffunction-sections -fdata-sections -MMD -MP -MF"src/EthCore_Configuration.d" -MT"src/EthCore_Configuration.o" -o "src/EthCore_Configuration.o" "../src/EthCore_Configuration.c"
../src/EthCore_Configuration.c:27:0: warning: "XPAR_AXIETHERNET_1_MCAST_EXTEND" redefined
 #define XPAR_AXIETHERNET_1_MCAST_EXTEND    1U    //WEI
 
In file included from ../../standalone_bsp_0/microblaze_0/include/xil_printf.h:12:0,
                 from ../../standalone_bsp_0/microblaze_0/include/xil_io.h:61,
                 from ../../standalone_bsp_0/microblaze_0/include/sleep.h:52,
                 from ../src/EthCore_Configuration.c:2:
../../standalone_bsp_0/microblaze_0/include/xparameters.h:575:0: note: this is the location of the previous definition
 #define XPAR_AXIETHERNET_1_MCAST_EXTEND 0U
 
Finished building: ../src/EthCore_Configuration.c
 
Building file: ../src/main.c
Invoking: MicroBlaze gcc compiler
mb-gcc -Wall -O0 -g3 -I../../standalone_bsp_0/microblaze_0/include -c -fmessage-length=0 -MT"src/main.o" -mxl-frequency -mxl-frequency -mxl-frequency -mxl-frequency -mlittle-endian -mcpu=v11.0 -mxl-soft-mul -Wl,--no-relax -ffunction-sections -fdata-sections -MMD -MP -MF"src/main.d" -MT"src/main.o" -o "src/main.o" "../src/main.c"
../src/main.c: In function 'main':
../src/main.c:507:20: warning: passing argument 2 of 'udp_recv' from incompatible pointer type [-Wincompatible-pointer-types]
  udp_recv(cmd_pcb, recv_callback, NULL);
                    ^~~~~~~~~~~~~
In file included from ../src/main.c:37:0:
../../standalone_bsp_0/microblaze_0/include/lwip/udp.h:123:18: note: expected 'udp_recv_fn {aka void (*)(void *, struct udp_pcb *, struct pbuf *, const struct ip4_addr *, short unsigned int)}' but argument is of type 'void (*)(void *, struct udp_pcb *, struct pbuf *, struct ip4_addr *, u16_t) {aka void (*)(void *, struct udp_pcb *, struct pbuf *, struct ip4_addr *, short unsigned int)}'
 void             udp_recv       (struct udp_pcb *pcb, udp_recv_fn recv,
                  ^~~~~~~~
../src/main.c: In function 'Set_MAROC_registers':
../src/main.c:907:6: warning: variable 'val2write' set but not used [-Wunused-but-set-variable]
  u32 val2write;
      ^~~~~~~~~
In file included from ../../standalone_bsp_0/microblaze_0/include/xspi.h:314:0,
                 from ../src/main.c:40:
../src/main.c: In function 'GetHouseKeeping':
../../standalone_bsp_0/microblaze_0/include/xspi_l.h:98:12: warning: passing argument 1 of 'Xil_In32' makes integer from pointer without a cast [-Wint-conversion]
  XSpi_In32((BaseAddress) + (RegOffset))
            ^
../src/main.c:1142:7: note: in expansion of macro 'XSpi_ReadReg'
  if ((XSpi_ReadReg(&Spi, XSP_SR_OFFSET) & XSP_SR_TX_EMPTY_MASK) != 0) return -1;
       ^~~~~~~~~~~~
In file included from ../../standalone_bsp_0/microblaze_0/include/xgpio_l.h:83:0,
                 from ../../standalone_bsp_0/microblaze_0/include/xgpio.h:132,
                 from ../src/main.c:28:
../../standalone_bsp_0/microblaze_0/include/xil_io.h:147:19: note: expected 'UINTPTR {aka unsigned int}' but argument is of type 'XSpi * {aka struct <anonymous> *}'
 static INLINE u32 Xil_In32(UINTPTR Addr)
                   ^~~~~~~~
In file included from ../../standalone_bsp_0/microblaze_0/include/xspi.h:314:0,
                 from ../src/main.c:40:
../src/main.c: In function 'WR_int_callback':
../../standalone_bsp_0/microblaze_0/include/xspi_l.h:98:12: warning: passing argument 1 of 'Xil_In32' makes integer from pointer without a cast [-Wint-conversion]
  XSpi_In32((BaseAddress) + (RegOffset))
            ^
../src/main.c:1798:10: note: in expansion of macro 'XSpi_ReadReg'
  while ((XSpi_ReadReg(&Spi, XSP_SR_OFFSET) & XSP_SR_TX_EMPTY_MASK) != 0);
          ^~~~~~~~~~~~
In file included from ../../standalone_bsp_0/microblaze_0/include/xgpio_l.h:83:0,
                 from ../../standalone_bsp_0/microblaze_0/include/xgpio.h:132,
                 from ../src/main.c:28:
../../standalone_bsp_0/microblaze_0/include/xil_io.h:147:19: note: expected 'UINTPTR {aka unsigned int}' but argument is of type 'XSpi * {aka struct <anonymous> *}'
 static INLINE u32 Xil_In32(UINTPTR Addr)
                   ^~~~~~~~
Finished building: ../src/main.c
 
Building file: ../src/platform.c
Invoking: MicroBlaze gcc compiler
mb-gcc -Wall -O0 -g3 -I../../standalone_bsp_0/microblaze_0/include -c -fmessage-length=0 -MT"src/platform.o" -mxl-frequency -mxl-frequency -mxl-frequency -mxl-frequency -mlittle-endian -mcpu=v11.0 -mxl-soft-mul -Wl,--no-relax -ffunction-sections -fdata-sections -MMD -MP -MF"src/platform.d" -MT"src/platform.o" -o "src/platform.o" "../src/platform.c"
../src/platform.c: In function 'platform_setup_interrupts':
../src/platform.c:118:2: warning: implicit declaration of function 'init_gpio_spi_sel' [-Wimplicit-function-declaration]
  init_gpio_spi_sel();
  ^~~~~~~~~~~~~~~~~
Finished building: ../src/platform.c
 
Building file: ../src/platform_mb.c
Invoking: MicroBlaze gcc compiler
mb-gcc -Wall -O0 -g3 -I../../standalone_bsp_0/microblaze_0/include -c -fmessage-length=0 -MT"src/platform_mb.o" -mxl-frequency -mxl-frequency -mxl-frequency -mxl-frequency -mlittle-endian -mcpu=v11.0 -mxl-soft-mul -Wl,--no-relax -ffunction-sections -fdata-sections -MMD -MP -MF"src/platform_mb.d" -MT"src/platform_mb.o" -o "src/platform_mb.o" "../src/platform_mb.c"
Finished building: ../src/platform_mb.c
 
Building target: quabo_service.elf
Invoking: MicroBlaze gcc linker
mb-gcc -L../../standalone_bsp_0/microblaze_0/lib -Wl,-T -Wl,../src/lscript.ld -mlittle-endian -mcpu=v11.0 -mxl-soft-mul -Wl,--no-relax -Wl,--gc-sections -o "quabo_service.elf"  ./src/casper_src/casper_tapcp.o ./src/casper_src/casper_tftp.o ./src/casper_src/csl.o ./src/casper_src/flash.o ./src/casper_src/gpio_spi_sel.o ./src/casper_src/icap.o ./src/casper_src/spi.o ./src/casper_src/tftp_server.o ./src/casper_src/tmrctr.o  ./src/EthCore_Configuration.o ./src/main.o ./src/platform.o ./src/platform_mb.o   -Wl,--start-group,-lxil,-lgcc,-lc,--end-group -Wl,--start-group,-lxil,-llwip4,-lgcc,-lc,--end-group
Finished building target: quabo_service.elf
 
Invoking: MicroBlaze Print Size
mb-size quabo_service.elf  |tee "quabo_service.elf.size"
   text	   data	    bss	    dec	    hex	filename
 111930	   2136	 141542	 255608	  3e678	quabo_service.elf
Finished building: quabo_service.elf.size
 
17:57:11 **** Auto Build of configuration Debug for project quabo_service ****
make all 
Building file: ../src/main.c
Invoking: MicroBlaze gcc compiler
mb-gcc -Wall -O0 -g3 -I../../standalone_bsp_0/microblaze_0/include -c -fmessage-length=0 -MT"src/main.o" -mxl-frequency -mxl-frequency -mxl-frequency -mxl-frequency -mlittle-endian -mcpu=v11.0 -mxl-soft-mul -Wl,--no-relax -ffunction-sections -fdata-sections -MMD -MP -MF"src/main.d" -MT"src/main.o" -o "src/main.o" "../src/main.c"
../src/main.c: In function 'main':
../src/main.c:406:16: error: redefinition of 'mac_ethernet_address'
  unsigned char mac_ethernet_address[6] ={flash_uid[0],flash_uid[1],flash_uid[2],flash_uid[3],flash_uid[4],flash_uid[5]};
                ^~~~~~~~~~~~~~~~~~~~
../src/main.c:405:16: note: previous definition of 'mac_ethernet_address' was here
  unsigned char mac_ethernet_address[] ={ 0x00, 0x0a, 0x35, 0x00, 0x01, 0x02 };
                ^~~~~~~~~~~~~~~~~~~~
../src/main.c:507:20: warning: passing argument 2 of 'udp_recv' from incompatible pointer type [-Wincompatible-pointer-types]
  udp_recv(cmd_pcb, recv_callback, NULL);
                    ^~~~~~~~~~~~~
In file included from ../src/main.c:37:0:
../../standalone_bsp_0/microblaze_0/include/lwip/udp.h:123:18: note: expected 'udp_recv_fn {aka void (*)(void *, struct udp_pcb *, struct pbuf *, const struct ip4_addr *, short unsigned int)}' but argument is of type 'void (*)(void *, struct udp_pcb *, struct pbuf *, struct ip4_addr *, u16_t) {aka void (*)(void *, struct udp_pcb *, struct pbuf *, struct ip4_addr *, short unsigned int)}'
 void             udp_recv       (struct udp_pcb *pcb, udp_recv_fn recv,
                  ^~~~~~~~
../src/main.c: In function 'Set_MAROC_registers':
../src/main.c:907:6: warning: variable 'val2write' set but not used [-Wunused-but-set-variable]
  u32 val2write;
      ^~~~~~~~~
In file included from ../../standalone_bsp_0/microblaze_0/include/xspi.h:314:0,
                 from ../src/main.c:40:
../src/main.c: In function 'GetHouseKeeping':
../../standalone_bsp_0/microblaze_0/include/xspi_l.h:98:12: warning: passing argument 1 of 'Xil_In32' makes integer from pointer without a cast [-Wint-conversion]
  XSpi_In32((BaseAddress) + (RegOffset))
            ^
../src/main.c:1142:7: note: in expansion of macro 'XSpi_ReadReg'
  if ((XSpi_ReadReg(&Spi, XSP_SR_OFFSET) & XSP_SR_TX_EMPTY_MASK) != 0) return -1;
       ^~~~~~~~~~~~
In file included from ../../standalone_bsp_0/microblaze_0/include/xgpio_l.h:83:0,
                 from ../../standalone_bsp_0/microblaze_0/include/xgpio.h:132,
                 from ../src/main.c:28:
../../standalone_bsp_0/microblaze_0/include/xil_io.h:147:19: note: expected 'UINTPTR {aka unsigned int}' but argument is of type 'XSpi * {aka struct <anonymous> *}'
 static INLINE u32 Xil_In32(UINTPTR Addr)
                   ^~~~~~~~
In file included from ../../standalone_bsp_0/microblaze_0/include/xspi.h:314:0,
                 from ../src/main.c:40:
../src/main.c: In function 'WR_int_callback':
../../standalone_bsp_0/microblaze_0/include/xspi_l.h:98:12: warning: passing argument 1 of 'Xil_In32' makes integer from pointer without a cast [-Wint-conversion]
  XSpi_In32((BaseAddress) + (RegOffset))
            ^
../src/main.c:1798:10: note: in expansion of macro 'XSpi_ReadReg'
  while ((XSpi_ReadReg(&Spi, XSP_SR_OFFSET) & XSP_SR_TX_EMPTY_MASK) != 0);
          ^~~~~~~~~~~~
In file included from ../../standalone_bsp_0/microblaze_0/include/xgpio_l.h:83:0,
                 from ../../standalone_bsp_0/microblaze_0/include/xgpio.h:132,
                 from ../src/main.c:28:
../../standalone_bsp_0/microblaze_0/include/xil_io.h:147:19: note: expected 'UINTPTR {aka unsigned int}' but argument is of type 'XSpi * {aka struct <anonymous> *}'
 static INLINE u32 Xil_In32(UINTPTR Addr)
                   ^~~~~~~~
make: *** [src/main.o] Error 1
src/subdir.mk:30: recipe for target 'src/main.o' failed
17:57:16 **** Auto Build of configuration Debug for project quabo_service ****
make all 
Building file: ../src/main.c
Invoking: MicroBlaze gcc compiler
mb-gcc -Wall -O0 -g3 -I../../standalone_bsp_0/microblaze_0/include -c -fmessage-length=0 -MT"src/main.o" -mxl-frequency -mxl-frequency -mxl-frequency -mxl-frequency -mlittle-endian -mcpu=v11.0 -mxl-soft-mul -Wl,--no-relax -ffunction-sections -fdata-sections -MMD -MP -MF"src/main.d" -MT"src/main.o" -o "src/main.o" "../src/main.c"
../src/main.c: In function 'main':
../src/main.c:507:20: warning: passing argument 2 of 'udp_recv' from incompatible pointer type [-Wincompatible-pointer-types]
  udp_recv(cmd_pcb, recv_callback, NULL);
                    ^~~~~~~~~~~~~
In file included from ../src/main.c:37:0:
../../standalone_bsp_0/microblaze_0/include/lwip/udp.h:123:18: note: expected 'udp_recv_fn {aka void (*)(void *, struct udp_pcb *, struct pbuf *, const struct ip4_addr *, short unsigned int)}' but argument is of type 'void (*)(void *, struct udp_pcb *, struct pbuf *, struct ip4_addr *, u16_t) {aka void (*)(void *, struct udp_pcb *, struct pbuf *, struct ip4_addr *, short unsigned int)}'
 void             udp_recv       (struct udp_pcb *pcb, udp_recv_fn recv,
                  ^~~~~~~~
../src/main.c: In function 'Set_MAROC_registers':
../src/main.c:907:6: warning: variable 'val2write' set but not used [-Wunused-but-set-variable]
  u32 val2write;
      ^~~~~~~~~
In file included from ../../standalone_bsp_0/microblaze_0/include/xspi.h:314:0,
                 from ../src/main.c:40:
../src/main.c: In function 'GetHouseKeeping':
../../standalone_bsp_0/microblaze_0/include/xspi_l.h:98:12: warning: passing argument 1 of 'Xil_In32' makes integer from pointer without a cast [-Wint-conversion]
  XSpi_In32((BaseAddress) + (RegOffset))
            ^
../src/main.c:1142:7: note: in expansion of macro 'XSpi_ReadReg'
  if ((XSpi_ReadReg(&Spi, XSP_SR_OFFSET) & XSP_SR_TX_EMPTY_MASK) != 0) return -1;
       ^~~~~~~~~~~~
In file included from ../../standalone_bsp_0/microblaze_0/include/xgpio_l.h:83:0,
                 from ../../standalone_bsp_0/microblaze_0/include/xgpio.h:132,
                 from ../src/main.c:28:
../../standalone_bsp_0/microblaze_0/include/xil_io.h:147:19: note: expected 'UINTPTR {aka unsigned int}' but argument is of type 'XSpi * {aka struct <anonymous> *}'
 static INLINE u32 Xil_In32(UINTPTR Addr)
                   ^~~~~~~~
In file included from ../../standalone_bsp_0/microblaze_0/include/xspi.h:314:0,
                 from ../src/main.c:40:
../src/main.c: In function 'WR_int_callback':
../../standalone_bsp_0/microblaze_0/include/xspi_l.h:98:12: warning: passing argument 1 of 'Xil_In32' makes integer from pointer without a cast [-Wint-conversion]
  XSpi_In32((BaseAddress) + (RegOffset))
            ^
../src/main.c:1798:10: note: in expansion of macro 'XSpi_ReadReg'
  while ((XSpi_ReadReg(&Spi, XSP_SR_OFFSET) & XSP_SR_TX_EMPTY_MASK) != 0);
          ^~~~~~~~~~~~
In file included from ../../standalone_bsp_0/microblaze_0/include/xgpio_l.h:83:0,
                 from ../../standalone_bsp_0/microblaze_0/include/xgpio.h:132,
                 from ../src/main.c:28:
../../standalone_bsp_0/microblaze_0/include/xil_io.h:147:19: note: expected 'UINTPTR {aka unsigned int}' but argument is of type 'XSpi * {aka struct <anonymous> *}'
 static INLINE u32 Xil_In32(UINTPTR Addr)
                   ^~~~~~~~
Finished building: ../src/main.c
 
Building target: quabo_service.elf
Invoking: MicroBlaze gcc linker
mb-gcc -L../../standalone_bsp_0/microblaze_0/lib -Wl,-T -Wl,../src/lscript.ld -mlittle-endian -mcpu=v11.0 -mxl-soft-mul -Wl,--no-relax -Wl,--gc-sections -o "quabo_service.elf"  ./src/casper_src/casper_tapcp.o ./src/casper_src/casper_tftp.o ./src/casper_src/csl.o ./src/casper_src/flash.o ./src/casper_src/gpio_spi_sel.o ./src/casper_src/icap.o ./src/casper_src/spi.o ./src/casper_src/tftp_server.o ./src/casper_src/tmrctr.o  ./src/EthCore_Configuration.o ./src/main.o ./src/platform.o ./src/platform_mb.o   -Wl,--start-group,-lxil,-lgcc,-lc,--end-group -Wl,--start-group,-lxil,-llwip4,-lgcc,-lc,--end-group
Finished building target: quabo_service.elf
 
Invoking: MicroBlaze Print Size
mb-size quabo_service.elf  |tee "quabo_service.elf.size"
   text	   data	    bss	    dec	    hex	filename
 111946	   2136	 141542	 255624	  3e688	quabo_service.elf
Finished building: quabo_service.elf.size
 
14:55:26 **** Auto Build of project standalone_bsp_0 ****
make -k all 
Running Make include in microblaze_0/libsrc/tmrctr_v4_5/src
make -C microblaze_0/libsrc/tmrctr_v4_5/src -s include  "SHELL=/bin/sh" "COMPILER=mb-gcc" "ARCHIVER=mb-ar" "COMPILER_FLAGS=  -O2 -c -mcpu=v11.0 -mlittle-endian -mxl-frequency -mxl-soft-mul" "EXTRA_COMPILER_FLAGS=-ffunction-sections -fdata-sections -Wall -Wextra -g3"
Running Make include in microblaze_0/libsrc/standalone_v6_8/src
make -C microblaze_0/libsrc/standalone_v6_8/src -s include  "SHELL=/bin/sh" "COMPILER=mb-gcc" "ARCHIVER=mb-ar" "COMPILER_FLAGS=  -O2 -c -mcpu=v11.0 -mlittle-endian -mxl-frequency -mxl-soft-mul" "EXTRA_COMPILER_FLAGS=-ffunction-sections -fdata-sections -Wall -Wextra -g3"
Running Make include in microblaze_0/libsrc/lwip202_v1_2/src
make -C microblaze_0/libsrc/lwip202_v1_2/src -s include  "SHELL=/bin/sh" "COMPILER=mb-gcc" "ARCHIVER=mb-ar" "COMPILER_FLAGS=  -O2 -c -mcpu=v11.0 -mlittle-endian -mxl-frequency -mxl-soft-mul" "EXTRA_COMPILER_FLAGS=-ffunction-sections -fdata-sections -Wall -Wextra -g3"
Running Make include in microblaze_0/libsrc/llfifo_v5_2/src
make -C microblaze_0/libsrc/llfifo_v5_2/src -s include  "SHELL=/bin/sh" "COMPILER=mb-gcc" "ARCHIVER=mb-ar" "COMPILER_FLAGS=  -O2 -c -mcpu=v11.0 -mlittle-endian -mxl-frequency -mxl-soft-mul" "EXTRA_COMPILER_FLAGS=-ffunction-sections -fdata-sections -Wall -Wextra -g3"
Running Make include in microblaze_0/libsrc/hwicap_v11_1/src
make -C microblaze_0/libsrc/hwicap_v11_1/src -s include  "SHELL=/bin/sh" "COMPILER=mb-gcc" "ARCHIVER=mb-ar" "COMPILER_FLAGS=  -O2 -c -mcpu=v11.0 -mlittle-endian -mxl-frequency -mxl-soft-mul" "EXTRA_COMPILER_FLAGS=-ffunction-sections -fdata-sections -Wall -Wextra -g3"
Running Make include in microblaze_0/libsrc/iic_v3_5/src
make -C microblaze_0/libsrc/iic_v3_5/src -s include  "SHELL=/bin/sh" "COMPILER=mb-gcc" "ARCHIVER=mb-ar" "COMPILER_FLAGS=  -O2 -c -mcpu=v11.0 -mlittle-endian -mxl-frequency -mxl-soft-mul" "EXTRA_COMPILER_FLAGS=-ffunction-sections -fdata-sections -Wall -Wextra -g3"
Running Make include in microblaze_0/libsrc/axiethernet_v5_8/src
make -C microblaze_0/libsrc/axiethernet_v5_8/src -s include  "SHELL=/bin/sh" "COMPILER=mb-gcc" "ARCHIVER=mb-ar" "COMPILER_FLAGS=  -O2 -c -mcpu=v11.0 -mlittle-endian -mxl-frequency -mxl-soft-mul" "EXTRA_COMPILER_FLAGS=-ffunction-sections -fdata-sections -Wall -Wextra -g3"
Running Make include in microblaze_0/libsrc/uartlite_v3_2/src
make -C microblaze_0/libsrc/uartlite_v3_2/src -s include  "SHELL=/bin/sh" "COMPILER=mb-gcc" "ARCHIVER=mb-ar" "COMPILER_FLAGS=  -O2 -c -mcpu=v11.0 -mlittle-endian -mxl-frequency -mxl-soft-mul" "EXTRA_COMPILER_FLAGS=-ffunction-sections -fdata-sections -Wall -Wextra -g3"
Running Make include in microblaze_0/libsrc/bram_v4_2/src
make -C microblaze_0/libsrc/bram_v4_2/src -s include  "SHELL=/bin/sh" "COMPILER=mb-gcc" "ARCHIVER=mb-ar" "COMPILER_FLAGS=  -O2 -c -mcpu=v11.0 -mlittle-endian -mxl-frequency -mxl-soft-mul" "EXTRA_COMPILER_FLAGS=-ffunction-sections -fdata-sections -Wall -Wextra -g3"
Running Make include in microblaze_0/libsrc/spi_v4_4/src
make -C microblaze_0/libsrc/spi_v4_4/src -s include  "SHELL=/bin/sh" "COMPILER=mb-gcc" "ARCHIVER=mb-ar" "COMPILER_FLAGS=  -O2 -c -mcpu=v11.0 -mlittle-endian -mxl-frequency -mxl-soft-mul" "EXTRA_COMPILER_FLAGS=-ffunction-sections -fdata-sections -Wall -Wextra -g3"
Running Make include in microblaze_0/libsrc/cpu_v2_8/src
make -C microblaze_0/libsrc/cpu_v2_8/src -s include  "SHELL=/bin/sh" "COMPILER=mb-gcc" "ARCHIVER=mb-ar" "COMPILER_FLAGS=  -O2 -c -mcpu=v11.0 -mlittle-endian -mxl-frequency -mxl-soft-mul" "EXTRA_COMPILER_FLAGS=-ffunction-sections -fdata-sections -Wall -Wextra -g3"
Running Make include in microblaze_0/libsrc/gpio_v4_3/src
make -C microblaze_0/libsrc/gpio_v4_3/src -s include  "SHELL=/bin/sh" "COMPILER=mb-gcc" "ARCHIVER=mb-ar" "COMPILER_FLAGS=  -O2 -c -mcpu=v11.0 -mlittle-endian -mxl-frequency -mxl-soft-mul" "EXTRA_COMPILER_FLAGS=-ffunction-sections -fdata-sections -Wall -Wextra -g3"
Running Make include in microblaze_0/libsrc/maroc_slow_control_v1_0/src
make -C microblaze_0/libsrc/maroc_slow_control_v1_0/src -s include  "SHELL=/bin/sh" "COMPILER=mb-gcc" "ARCHIVER=mb-ar" "COMPILER_FLAGS=  -O2 -c -mcpu=v11.0 -mlittle-endian -mxl-frequency -mxl-soft-mul" "EXTRA_COMPILER_FLAGS=-ffunction-sections -fdata-sections -Wall -Wextra -g3"
Running Make include in microblaze_0/libsrc/intc_v3_8/src
make -C microblaze_0/libsrc/intc_v3_8/src -s include  "SHELL=/bin/sh" "COMPILER=mb-gcc" "ARCHIVER=mb-ar" "COMPILER_FLAGS=  -O2 -c -mcpu=v11.0 -mlittle-endian -mxl-frequency -mxl-soft-mul" "EXTRA_COMPILER_FLAGS=-ffunction-sections -fdata-sections -Wall -Wextra -g3"
Running Make include in microblaze_0/libsrc/maroc_dc_v1_0/src
make -C microblaze_0/libsrc/maroc_dc_v1_0/src -s include  "SHELL=/bin/sh" "COMPILER=mb-gcc" "ARCHIVER=mb-ar" "COMPILER_FLAGS=  -O2 -c -mcpu=v11.0 -mlittle-endian -mxl-frequency -mxl-soft-mul" "EXTRA_COMPILER_FLAGS=-ffunction-sections -fdata-sections -Wall -Wextra -g3"
Running Make include in microblaze_0/libsrc/sysmon_v7_5/src
make -C microblaze_0/libsrc/sysmon_v7_5/src -s include  "SHELL=/bin/sh" "COMPILER=mb-gcc" "ARCHIVER=mb-ar" "COMPILER_FLAGS=  -O2 -c -mcpu=v11.0 -mlittle-endian -mxl-frequency -mxl-soft-mul" "EXTRA_COMPILER_FLAGS=-ffunction-sections -fdata-sections -Wall -Wextra -g3"
Running Make include in microblaze_0/libsrc/wdttb_v4_3/src
make -C microblaze_0/libsrc/wdttb_v4_3/src -s include  "SHELL=/bin/sh" "COMPILER=mb-gcc" "ARCHIVER=mb-ar" "COMPILER_FLAGS=  -O2 -c -mcpu=v11.0 -mlittle-endian -mxl-frequency -mxl-soft-mul" "EXTRA_COMPILER_FLAGS=-ffunction-sections -fdata-sections -Wall -Wextra -g3"
Running Make libs in microblaze_0/libsrc/tmrctr_v4_5/src
make -C microblaze_0/libsrc/tmrctr_v4_5/src -s libs  "SHELL=/bin/sh" "COMPILER=mb-gcc" "ARCHIVER=mb-ar" "COMPILER_FLAGS=  -O2 -c -mcpu=v11.0 -mlittle-endian -mxl-frequency -mxl-soft-mul" "EXTRA_COMPILER_FLAGS=-ffunction-sections -fdata-sections -Wall -Wextra -g3"
Compiling tmrctr
Running Make libs in microblaze_0/libsrc/standalone_v6_8/src
make -C microblaze_0/libsrc/standalone_v6_8/src -s libs  "SHELL=/bin/sh" "COMPILER=mb-gcc" "ARCHIVER=mb-ar" "COMPILER_FLAGS=  -O2 -c -mcpu=v11.0 -mlittle-endian -mxl-frequency -mxl-soft-mul" "EXTRA_COMPILER_FLAGS=-ffunction-sections -fdata-sections -Wall -Wextra -g3"
Compiling standalone
microblaze_sleep.c:77:9: note: #pragma message: For the sleep routines, assembly instructions are used
 #pragma message ("For the sleep routines, assembly instructions are used")
         ^~~~~~~
Running Make libs in microblaze_0/libsrc/lwip202_v1_2/src
make -C microblaze_0/libsrc/lwip202_v1_2/src -s libs  "SHELL=/bin/sh" "COMPILER=mb-gcc" "ARCHIVER=mb-ar" "COMPILER_FLAGS=  -O2 -c -mcpu=v11.0 -mlittle-endian -mxl-frequency -mxl-soft-mul" "EXTRA_COMPILER_FLAGS=-ffunction-sections -fdata-sections -Wall -Wextra -g3"
Compiling lwip src and adapter files
contrib/ports/xilinx/netif/xaxiemacif_hw.c: In function 'init_axiemac':
contrib/ports/xilinx/netif/xaxiemacif_hw.c:54:11: warning: unused variable 'mac_address' [-Wunused-variable]
  unsigned mac_address = (unsigned)(UINTPTR)(netif->state);
           ^~~~~~~~~~~
Running Make libs in microblaze_0/libsrc/llfifo_v5_2/src
make -C microblaze_0/libsrc/llfifo_v5_2/src -s libs  "SHELL=/bin/sh" "COMPILER=mb-gcc" "ARCHIVER=mb-ar" "COMPILER_FLAGS=  -O2 -c -mcpu=v11.0 -mlittle-endian -mxl-frequency -mxl-soft-mul" "EXTRA_COMPILER_FLAGS=-ffunction-sections -fdata-sections -Wall -Wextra -g3"
Compiling llfifo
Running Make libs in microblaze_0/libsrc/hwicap_v11_1/src
make -C microblaze_0/libsrc/hwicap_v11_1/src -s libs  "SHELL=/bin/sh" "COMPILER=mb-gcc" "ARCHIVER=mb-ar" "COMPILER_FLAGS=  -O2 -c -mcpu=v11.0 -mlittle-endian -mxl-frequency -mxl-soft-mul" "EXTRA_COMPILER_FLAGS=-ffunction-sections -fdata-sections -Wall -Wextra -g3"
Compiling hwicap
Running Make libs in microblaze_0/libsrc/iic_v3_5/src
make -C microblaze_0/libsrc/iic_v3_5/src -s libs  "SHELL=/bin/sh" "COMPILER=mb-gcc" "ARCHIVER=mb-ar" "COMPILER_FLAGS=  -O2 -c -mcpu=v11.0 -mlittle-endian -mxl-frequency -mxl-soft-mul" "EXTRA_COMPILER_FLAGS=-ffunction-sections -fdata-sections -Wall -Wextra -g3"
Compiling iic
Running Make libs in microblaze_0/libsrc/axiethernet_v5_8/src
make -C microblaze_0/libsrc/axiethernet_v5_8/src -s libs  "SHELL=/bin/sh" "COMPILER=mb-gcc" "ARCHIVER=mb-ar" "COMPILER_FLAGS=  -O2 -c -mcpu=v11.0 -mlittle-endian -mxl-frequency -mxl-soft-mul" "EXTRA_COMPILER_FLAGS=-ffunction-sections -fdata-sections -Wall -Wextra -g3"
Compiling axiethernet
xaxiethernet_g.c:71:2: warning: missing initializer for field 'AxiMcDmaChan_Cnt' of 'XAxiEthernet_Config {aka struct XAxiEthernet_Config}' [-Wmissing-field-initializers]
  },
  ^
In file included from xaxiethernet_g.c:37:0:
xaxiethernet.h:791:5: note: 'AxiMcDmaChan_Cnt' declared here
  u8 AxiMcDmaChan_Cnt;  /**< Axi MCDMA Channel Count */
     ^~~~~~~~~~~~~~~~
xaxiethernet_g.c:95:2: warning: missing initializer for field 'AxiFifoIntr' of 'XAxiEthernet_Config {aka struct XAxiEthernet_Config}' [-Wmissing-field-initializers]
  }
  ^
In file included from xaxiethernet_g.c:37:0:
xaxiethernet.h:788:5: note: 'AxiFifoIntr' declared here
  u8 AxiFifoIntr; /**< AxiFifoIntr interrupt ID (unused if DMA) */
     ^~~~~~~~~~~
Running Make libs in microblaze_0/libsrc/uartlite_v3_2/src
make -C microblaze_0/libsrc/uartlite_v3_2/src -s libs  "SHELL=/bin/sh" "COMPILER=mb-gcc" "ARCHIVER=mb-ar" "COMPILER_FLAGS=  -O2 -c -mcpu=v11.0 -mlittle-endian -mxl-frequency -mxl-soft-mul" "EXTRA_COMPILER_FLAGS=-ffunction-sections -fdata-sections -Wall -Wextra -g3"
Compiling uartlite
Running Make libs in microblaze_0/libsrc/bram_v4_2/src
make -C microblaze_0/libsrc/bram_v4_2/src -s libs  "SHELL=/bin/sh" "COMPILER=mb-gcc" "ARCHIVER=mb-ar" "COMPILER_FLAGS=  -O2 -c -mcpu=v11.0 -mlittle-endian -mxl-frequency -mxl-soft-mul" "EXTRA_COMPILER_FLAGS=-ffunction-sections -fdata-sections -Wall -Wextra -g3"
Compiling bram
Running Make libs in microblaze_0/libsrc/spi_v4_4/src
make -C microblaze_0/libsrc/spi_v4_4/src -s libs  "SHELL=/bin/sh" "COMPILER=mb-gcc" "ARCHIVER=mb-ar" "COMPILER_FLAGS=  -O2 -c -mcpu=v11.0 -mlittle-endian -mxl-frequency -mxl-soft-mul" "EXTRA_COMPILER_FLAGS=-ffunction-sections -fdata-sections -Wall -Wextra -g3"
Compiling spi
Running Make libs in microblaze_0/libsrc/cpu_v2_8/src
make -C microblaze_0/libsrc/cpu_v2_8/src -s libs  "SHELL=/bin/sh" "COMPILER=mb-gcc" "ARCHIVER=mb-ar" "COMPILER_FLAGS=  -O2 -c -mcpu=v11.0 -mlittle-endian -mxl-frequency -mxl-soft-mul" "EXTRA_COMPILER_FLAGS=-ffunction-sections -fdata-sections -Wall -Wextra -g3"
Compiling cpu
Running Make libs in microblaze_0/libsrc/gpio_v4_3/src
make -C microblaze_0/libsrc/gpio_v4_3/src -s libs  "SHELL=/bin/sh" "COMPILER=mb-gcc" "ARCHIVER=mb-ar" "COMPILER_FLAGS=  -O2 -c -mcpu=v11.0 -mlittle-endian -mxl-frequency -mxl-soft-mul" "EXTRA_COMPILER_FLAGS=-ffunction-sections -fdata-sections -Wall -Wextra -g3"
Compiling gpio
Running Make libs in microblaze_0/libsrc/maroc_slow_control_v1_0/src
make -C microblaze_0/libsrc/maroc_slow_control_v1_0/src -s libs  "SHELL=/bin/sh" "COMPILER=mb-gcc" "ARCHIVER=mb-ar" "COMPILER_FLAGS=  -O2 -c -mcpu=v11.0 -mlittle-endian -mxl-frequency -mxl-soft-mul" "EXTRA_COMPILER_FLAGS=-ffunction-sections -fdata-sections -Wall -Wextra -g3"
Compiling maroc_slow_control...
maroc_slow_control_selftest.c: In function 'MAROC_SLOW_CONTROL_Reg_SelfTest':
maroc_slow_control_selftest.c:52:67: warning: comparison between signed and unsigned integer expressions [-Wsign-compare]
    if ( MAROC_SLOW_CONTROL_mReadReg (baseaddr, read_loop_index*4) != (read_loop_index+1)*READ_WRITE_MUL_FACTOR){
                                                                   ^~
maroc_slow_control_selftest.c:36:6: warning: unused variable 'Index' [-Wunused-variable]
  int Index;
      ^~~~~
Running Make libs in microblaze_0/libsrc/intc_v3_8/src
make -C microblaze_0/libsrc/intc_v3_8/src -s libs  "SHELL=/bin/sh" "COMPILER=mb-gcc" "ARCHIVER=mb-ar" "COMPILER_FLAGS=  -O2 -c -mcpu=v11.0 -mlittle-endian -mxl-frequency -mxl-soft-mul" "EXTRA_COMPILER_FLAGS=-ffunction-sections -fdata-sections -Wall -Wextra -g3"
Compiling intc
Running Make libs in microblaze_0/libsrc/maroc_dc_v1_0/src
make -C microblaze_0/libsrc/maroc_dc_v1_0/src -s libs  "SHELL=/bin/sh" "COMPILER=mb-gcc" "ARCHIVER=mb-ar" "COMPILER_FLAGS=  -O2 -c -mcpu=v11.0 -mlittle-endian -mxl-frequency -mxl-soft-mul" "EXTRA_COMPILER_FLAGS=-ffunction-sections -fdata-sections -Wall -Wextra -g3"
Compiling maroc_dc...
maroc_dc_selftest.c: In function 'MAROC_DC_Reg_SelfTest':
maroc_dc_selftest.c:52:57: warning: comparison between signed and unsigned integer expressions [-Wsign-compare]
    if ( MAROC_DC_mReadReg (baseaddr, read_loop_index*4) != (read_loop_index+1)*READ_WRITE_MUL_FACTOR){
                                                         ^~
maroc_dc_selftest.c:36:6: warning: unused variable 'Index' [-Wunused-variable]
  int Index;
      ^~~~~
Running Make libs in microblaze_0/libsrc/sysmon_v7_5/src
make -C microblaze_0/libsrc/sysmon_v7_5/src -s libs  "SHELL=/bin/sh" "COMPILER=mb-gcc" "ARCHIVER=mb-ar" "COMPILER_FLAGS=  -O2 -c -mcpu=v11.0 -mlittle-endian -mxl-frequency -mxl-soft-mul" "EXTRA_COMPILER_FLAGS=-ffunction-sections -fdata-sections -Wall -Wextra -g3"
Compiling sysmon
Running Make libs in microblaze_0/libsrc/wdttb_v4_3/src
make -C microblaze_0/libsrc/wdttb_v4_3/src -s libs  "SHELL=/bin/sh" "COMPILER=mb-gcc" "ARCHIVER=mb-ar" "COMPILER_FLAGS=  -O2 -c -mcpu=v11.0 -mlittle-endian -mxl-frequency -mxl-soft-mul" "EXTRA_COMPILER_FLAGS=-ffunction-sections -fdata-sections -Wall -Wextra -g3"
Compiling wdttb
In file included from xwdttb.h:169:0,
                 from xwdttb.c:83:
xwdttb.c: In function 'XWdtTb_ProgramWDTWidth':
../../../include/xil_assert.h:108:9: warning: 'return' with no value, in function returning non-void
         return;                                    \
         ^
xwdttb.c:1228:2: note: in expansion of macro 'Xil_AssertVoid'
  Xil_AssertVoid(InstancePtr != NULL);
  ^~~~~~~~~~~~~~
xwdttb.c:1225:5: note: declared here
 u32 XWdtTb_ProgramWDTWidth(XWdtTb *InstancePtr, u32 width)
     ^~~~~~~~~~~~~~~~~~~~~~
Finished building libraries
15:05:54 **** Clean-only build of configuration Debug for project quabo_service ****
make clean 
rm -rf  ./src/casper_src/casper_tapcp.o ./src/casper_src/casper_tftp.o ./src/casper_src/csl.o ./src/casper_src/flash.o ./src/casper_src/gpio_spi_sel.o ./src/casper_src/icap.o ./src/casper_src/spi.o ./src/casper_src/tftp_server.o ./src/casper_src/tmrctr.o  ./src/EthCore_Configuration.o ./src/main.o ./src/platform.o ./src/platform_mb.o  ./src/casper_src/casper_tapcp.d ./src/casper_src/casper_tftp.d ./src/casper_src/csl.d ./src/casper_src/flash.d ./src/casper_src/gpio_spi_sel.d ./src/casper_src/icap.d ./src/casper_src/spi.d ./src/casper_src/tftp_server.d ./src/casper_src/tmrctr.d  ./src/EthCore_Configuration.d ./src/main.d ./src/platform.d ./src/platform_mb.d  quabo_service.elf.size  quabo_service.elf
 
15:05:55 **** Auto Build of configuration Debug for project quabo_service ****
make all 
Building file: ../src/casper_src/casper_tapcp.c
Invoking: MicroBlaze gcc compiler
mb-gcc -Wall -O0 -g3 -I../../standalone_bsp_0/microblaze_0/include -c -fmessage-length=0 -MT"src/casper_src/casper_tapcp.o" -mxl-frequency -mxl-frequency -mxl-frequency -mxl-frequency -mlittle-endian -mcpu=v11.0 -mxl-soft-mul -Wl,--no-relax -ffunction-sections -fdata-sections -MMD -MP -MF"src/casper_src/casper_tapcp.d" -MT"src/casper_src/casper_tapcp.o" -o "src/casper_src/casper_tapcp.o" "../src/casper_src/casper_tapcp.c"
../src/casper_src/casper_tapcp.c:737:1: warning: 'u32_to_hex' defined but not used [-Wunused-function]
 u32_to_hex(const uint32_t u32, uint8_t *p, uint8_t do_zeros)
 ^~~~~~~~~~
Finished building: ../src/casper_src/casper_tapcp.c
 
Building file: ../src/casper_src/casper_tftp.c
Invoking: MicroBlaze gcc compiler
mb-gcc -Wall -O0 -g3 -I../../standalone_bsp_0/microblaze_0/include -c -fmessage-length=0 -MT"src/casper_src/casper_tftp.o" -mxl-frequency -mxl-frequency -mxl-frequency -mxl-frequency -mlittle-endian -mcpu=v11.0 -mxl-soft-mul -Wl,--no-relax -ffunction-sections -fdata-sections -MMD -MP -MF"src/casper_src/casper_tftp.d" -MT"src/casper_src/casper_tftp.o" -o "src/casper_src/casper_tftp.o" "../src/casper_src/casper_tftp.c"
Finished building: ../src/casper_src/casper_tftp.c
 
Building file: ../src/casper_src/csl.c
Invoking: MicroBlaze gcc compiler
mb-gcc -Wall -O0 -g3 -I../../standalone_bsp_0/microblaze_0/include -c -fmessage-length=0 -MT"src/casper_src/csl.o" -mxl-frequency -mxl-frequency -mxl-frequency -mxl-frequency -mlittle-endian -mcpu=v11.0 -mxl-soft-mul -Wl,--no-relax -ffunction-sections -fdata-sections -MMD -MP -MF"src/casper_src/csl.d" -MT"src/casper_src/csl.o" -o "src/casper_src/csl.o" "../src/casper_src/csl.c"
Finished building: ../src/casper_src/csl.c
 
Building file: ../src/casper_src/flash.c
Invoking: MicroBlaze gcc compiler
mb-gcc -Wall -O0 -g3 -I../../standalone_bsp_0/microblaze_0/include -c -fmessage-length=0 -MT"src/casper_src/flash.o" -mxl-frequency -mxl-frequency -mxl-frequency -mxl-frequency -mlittle-endian -mcpu=v11.0 -mxl-soft-mul -Wl,--no-relax -ffunction-sections -fdata-sections -MMD -MP -MF"src/casper_src/flash.d" -MT"src/casper_src/flash.o" -o "src/casper_src/flash.o" "../src/casper_src/flash.c"
Finished building: ../src/casper_src/flash.c
 
Building file: ../src/casper_src/gpio_spi_sel.c
Invoking: MicroBlaze gcc compiler
mb-gcc -Wall -O0 -g3 -I../../standalone_bsp_0/microblaze_0/include -c -fmessage-length=0 -MT"src/casper_src/gpio_spi_sel.o" -mxl-frequency -mxl-frequency -mxl-frequency -mxl-frequency -mlittle-endian -mcpu=v11.0 -mxl-soft-mul -Wl,--no-relax -ffunction-sections -fdata-sections -MMD -MP -MF"src/casper_src/gpio_spi_sel.d" -MT"src/casper_src/gpio_spi_sel.o" -o "src/casper_src/gpio_spi_sel.o" "../src/casper_src/gpio_spi_sel.c"
Finished building: ../src/casper_src/gpio_spi_sel.c
 
Building file: ../src/casper_src/icap.c
Invoking: MicroBlaze gcc compiler
mb-gcc -Wall -O0 -g3 -I../../standalone_bsp_0/microblaze_0/include -c -fmessage-length=0 -MT"src/casper_src/icap.o" -mxl-frequency -mxl-frequency -mxl-frequency -mxl-frequency -mlittle-endian -mcpu=v11.0 -mxl-soft-mul -Wl,--no-relax -ffunction-sections -fdata-sections -MMD -MP -MF"src/casper_src/icap.d" -MT"src/casper_src/icap.o" -o "src/casper_src/icap.o" "../src/casper_src/icap.c"
Finished building: ../src/casper_src/icap.c
 
Building file: ../src/casper_src/spi.c
Invoking: MicroBlaze gcc compiler
mb-gcc -Wall -O0 -g3 -I../../standalone_bsp_0/microblaze_0/include -c -fmessage-length=0 -MT"src/casper_src/spi.o" -mxl-frequency -mxl-frequency -mxl-frequency -mxl-frequency -mlittle-endian -mcpu=v11.0 -mxl-soft-mul -Wl,--no-relax -ffunction-sections -fdata-sections -MMD -MP -MF"src/casper_src/spi.d" -MT"src/casper_src/spi.o" -o "src/casper_src/spi.o" "../src/casper_src/spi.c"
Finished building: ../src/casper_src/spi.c
 
Building file: ../src/casper_src/tftp_server.c
Invoking: MicroBlaze gcc compiler
mb-gcc -Wall -O0 -g3 -I../../standalone_bsp_0/microblaze_0/include -c -fmessage-length=0 -MT"src/casper_src/tftp_server.o" -mxl-frequency -mxl-frequency -mxl-frequency -mxl-frequency -mlittle-endian -mcpu=v11.0 -mxl-soft-mul -Wl,--no-relax -ffunction-sections -fdata-sections -MMD -MP -MF"src/casper_src/tftp_server.d" -MT"src/casper_src/tftp_server.o" -o "src/casper_src/tftp_server.o" "../src/casper_src/tftp_server.c"
Finished building: ../src/casper_src/tftp_server.c
 
Building file: ../src/casper_src/tmrctr.c
Invoking: MicroBlaze gcc compiler
mb-gcc -Wall -O0 -g3 -I../../standalone_bsp_0/microblaze_0/include -c -fmessage-length=0 -MT"src/casper_src/tmrctr.o" -mxl-frequency -mxl-frequency -mxl-frequency -mxl-frequency -mlittle-endian -mcpu=v11.0 -mxl-soft-mul -Wl,--no-relax -ffunction-sections -fdata-sections -MMD -MP -MF"src/casper_src/tmrctr.d" -MT"src/casper_src/tmrctr.o" -o "src/casper_src/tmrctr.o" "../src/casper_src/tmrctr.c"
Finished building: ../src/casper_src/tmrctr.c
 
Building file: ../src/EthCore_Configuration.c
Invoking: MicroBlaze gcc compiler
mb-gcc -Wall -O0 -g3 -I../../standalone_bsp_0/microblaze_0/include -c -fmessage-length=0 -MT"src/EthCore_Configuration.o" -mxl-frequency -mxl-frequency -mxl-frequency -mxl-frequency -mlittle-endian -mcpu=v11.0 -mxl-soft-mul -Wl,--no-relax -ffunction-sections -fdata-sections -MMD -MP -MF"src/EthCore_Configuration.d" -MT"src/EthCore_Configuration.o" -o "src/EthCore_Configuration.o" "../src/EthCore_Configuration.c"
../src/EthCore_Configuration.c:27:0: warning: "XPAR_AXIETHERNET_1_MCAST_EXTEND" redefined
 #define XPAR_AXIETHERNET_1_MCAST_EXTEND    1U    //WEI
 
In file included from ../../standalone_bsp_0/microblaze_0/include/xil_printf.h:12:0,
                 from ../../standalone_bsp_0/microblaze_0/include/xil_io.h:61,
                 from ../../standalone_bsp_0/microblaze_0/include/sleep.h:52,
                 from ../src/EthCore_Configuration.c:2:
../../standalone_bsp_0/microblaze_0/include/xparameters.h:575:0: note: this is the location of the previous definition
 #define XPAR_AXIETHERNET_1_MCAST_EXTEND 0U
 
Finished building: ../src/EthCore_Configuration.c
 
Building file: ../src/main.c
Invoking: MicroBlaze gcc compiler
mb-gcc -Wall -O0 -g3 -I../../standalone_bsp_0/microblaze_0/include -c -fmessage-length=0 -MT"src/main.o" -mxl-frequency -mxl-frequency -mxl-frequency -mxl-frequency -mlittle-endian -mcpu=v11.0 -mxl-soft-mul -Wl,--no-relax -ffunction-sections -fdata-sections -MMD -MP -MF"src/main.d" -MT"src/main.o" -o "src/main.o" "../src/main.c"
../src/main.c: In function 'main':
../src/main.c:507:20: warning: passing argument 2 of 'udp_recv' from incompatible pointer type [-Wincompatible-pointer-types]
  udp_recv(cmd_pcb, recv_callback, NULL);
                    ^~~~~~~~~~~~~
In file included from ../src/main.c:37:0:
../../standalone_bsp_0/microblaze_0/include/lwip/udp.h:123:18: note: expected 'udp_recv_fn {aka void (*)(void *, struct udp_pcb *, struct pbuf *, const struct ip4_addr *, short unsigned int)}' but argument is of type 'void (*)(void *, struct udp_pcb *, struct pbuf *, struct ip4_addr *, u16_t) {aka void (*)(void *, struct udp_pcb *, struct pbuf *, struct ip4_addr *, short unsigned int)}'
 void             udp_recv       (struct udp_pcb *pcb, udp_recv_fn recv,
                  ^~~~~~~~
../src/main.c: In function 'Set_MAROC_registers':
../src/main.c:907:6: warning: variable 'val2write' set but not used [-Wunused-but-set-variable]
  u32 val2write;
      ^~~~~~~~~
In file included from ../../standalone_bsp_0/microblaze_0/include/xspi.h:314:0,
                 from ../src/main.c:40:
../src/main.c: In function 'GetHouseKeeping':
../../standalone_bsp_0/microblaze_0/include/xspi_l.h:98:12: warning: passing argument 1 of 'Xil_In32' makes integer from pointer without a cast [-Wint-conversion]
  XSpi_In32((BaseAddress) + (RegOffset))
            ^
../src/main.c:1142:7: note: in expansion of macro 'XSpi_ReadReg'
  if ((XSpi_ReadReg(&Spi, XSP_SR_OFFSET) & XSP_SR_TX_EMPTY_MASK) != 0) return -1;
       ^~~~~~~~~~~~
In file included from ../../standalone_bsp_0/microblaze_0/include/xgpio_l.h:83:0,
                 from ../../standalone_bsp_0/microblaze_0/include/xgpio.h:132,
                 from ../src/main.c:28:
../../standalone_bsp_0/microblaze_0/include/xil_io.h:147:19: note: expected 'UINTPTR {aka unsigned int}' but argument is of type 'XSpi * {aka struct <anonymous> *}'
 static INLINE u32 Xil_In32(UINTPTR Addr)
                   ^~~~~~~~
In file included from ../../standalone_bsp_0/microblaze_0/include/xspi.h:314:0,
                 from ../src/main.c:40:
../src/main.c: In function 'WR_int_callback':
../../standalone_bsp_0/microblaze_0/include/xspi_l.h:98:12: warning: passing argument 1 of 'Xil_In32' makes integer from pointer without a cast [-Wint-conversion]
  XSpi_In32((BaseAddress) + (RegOffset))
            ^
../src/main.c:1798:10: note: in expansion of macro 'XSpi_ReadReg'
  while ((XSpi_ReadReg(&Spi, XSP_SR_OFFSET) & XSP_SR_TX_EMPTY_MASK) != 0);
          ^~~~~~~~~~~~
In file included from ../../standalone_bsp_0/microblaze_0/include/xgpio_l.h:83:0,
                 from ../../standalone_bsp_0/microblaze_0/include/xgpio.h:132,
                 from ../src/main.c:28:
../../standalone_bsp_0/microblaze_0/include/xil_io.h:147:19: note: expected 'UINTPTR {aka unsigned int}' but argument is of type 'XSpi * {aka struct <anonymous> *}'
 static INLINE u32 Xil_In32(UINTPTR Addr)
                   ^~~~~~~~
Finished building: ../src/main.c
 
Building file: ../src/platform.c
Invoking: MicroBlaze gcc compiler
mb-gcc -Wall -O0 -g3 -I../../standalone_bsp_0/microblaze_0/include -c -fmessage-length=0 -MT"src/platform.o" -mxl-frequency -mxl-frequency -mxl-frequency -mxl-frequency -mlittle-endian -mcpu=v11.0 -mxl-soft-mul -Wl,--no-relax -ffunction-sections -fdata-sections -MMD -MP -MF"src/platform.d" -MT"src/platform.o" -o "src/platform.o" "../src/platform.c"
../src/platform.c: In function 'platform_setup_interrupts':
../src/platform.c:118:2: warning: implicit declaration of function 'init_gpio_spi_sel' [-Wimplicit-function-declaration]
  init_gpio_spi_sel();
  ^~~~~~~~~~~~~~~~~
Finished building: ../src/platform.c
 
Building file: ../src/platform_mb.c
Invoking: MicroBlaze gcc compiler
mb-gcc -Wall -O0 -g3 -I../../standalone_bsp_0/microblaze_0/include -c -fmessage-length=0 -MT"src/platform_mb.o" -mxl-frequency -mxl-frequency -mxl-frequency -mxl-frequency -mlittle-endian -mcpu=v11.0 -mxl-soft-mul -Wl,--no-relax -ffunction-sections -fdata-sections -MMD -MP -MF"src/platform_mb.d" -MT"src/platform_mb.o" -o "src/platform_mb.o" "../src/platform_mb.c"
Finished building: ../src/platform_mb.c
 
Building target: quabo_service.elf
Invoking: MicroBlaze gcc linker
mb-gcc -L../../standalone_bsp_0/microblaze_0/lib -Wl,-T -Wl,../src/lscript.ld -mlittle-endian -mcpu=v11.0 -mxl-soft-mul -Wl,--no-relax -Wl,--gc-sections -o "quabo_service.elf"  ./src/casper_src/casper_tapcp.o ./src/casper_src/casper_tftp.o ./src/casper_src/csl.o ./src/casper_src/flash.o ./src/casper_src/gpio_spi_sel.o ./src/casper_src/icap.o ./src/casper_src/spi.o ./src/casper_src/tftp_server.o ./src/casper_src/tmrctr.o  ./src/EthCore_Configuration.o ./src/main.o ./src/platform.o ./src/platform_mb.o   -Wl,--start-group,-lxil,-lgcc,-lc,--end-group -Wl,--start-group,-lxil,-llwip4,-lgcc,-lc,--end-group
Finished building target: quabo_service.elf
 
Invoking: MicroBlaze Print Size
mb-size quabo_service.elf  |tee "quabo_service.elf.size"
   text	   data	    bss	    dec	    hex	filename
 103746	   2052	 141546	 247344	  3c630	quabo_service.elf
Finished building: quabo_service.elf.size
 
15:10:19 **** Auto Build of configuration Debug for project quabo_service ****
make all 
Building file: ../src/main.c
Invoking: MicroBlaze gcc compiler
mb-gcc -Wall -O0 -g3 -I../../standalone_bsp_0/microblaze_0/include -c -fmessage-length=0 -MT"src/main.o" -mxl-frequency -mxl-frequency -mxl-frequency -mxl-frequency -mlittle-endian -mcpu=v11.0 -mxl-soft-mul -Wl,--no-relax -ffunction-sections -fdata-sections -MMD -MP -MF"src/main.d" -MT"src/main.o" -o "src/main.o" "../src/main.c"
../src/main.c: In function 'main':
../src/main.c:507:20: warning: passing argument 2 of 'udp_recv' from incompatible pointer type [-Wincompatible-pointer-types]
  udp_recv(cmd_pcb, recv_callback, NULL);
                    ^~~~~~~~~~~~~
In file included from ../src/main.c:37:0:
../../standalone_bsp_0/microblaze_0/include/lwip/udp.h:123:18: note: expected 'udp_recv_fn {aka void (*)(void *, struct udp_pcb *, struct pbuf *, const struct ip4_addr *, short unsigned int)}' but argument is of type 'void (*)(void *, struct udp_pcb *, struct pbuf *, struct ip4_addr *, u16_t) {aka void (*)(void *, struct udp_pcb *, struct pbuf *, struct ip4_addr *, short unsigned int)}'
 void             udp_recv       (struct udp_pcb *pcb, udp_recv_fn recv,
                  ^~~~~~~~
../src/main.c: In function 'Set_MAROC_registers':
../src/main.c:907:6: warning: variable 'val2write' set but not used [-Wunused-but-set-variable]
  u32 val2write;
      ^~~~~~~~~
In file included from ../../standalone_bsp_0/microblaze_0/include/xspi.h:314:0,
                 from ../src/main.c:40:
../src/main.c: In function 'GetHouseKeeping':
../../standalone_bsp_0/microblaze_0/include/xspi_l.h:98:12: warning: passing argument 1 of 'Xil_In32' makes integer from pointer without a cast [-Wint-conversion]
  XSpi_In32((BaseAddress) + (RegOffset))
            ^
../src/main.c:1142:7: note: in expansion of macro 'XSpi_ReadReg'
  if ((XSpi_ReadReg(&Spi, XSP_SR_OFFSET) & XSP_SR_TX_EMPTY_MASK) != 0) return -1;
       ^~~~~~~~~~~~
In file included from ../../standalone_bsp_0/microblaze_0/include/xgpio_l.h:83:0,
                 from ../../standalone_bsp_0/microblaze_0/include/xgpio.h:132,
                 from ../src/main.c:28:
../../standalone_bsp_0/microblaze_0/include/xil_io.h:147:19: note: expected 'UINTPTR {aka unsigned int}' but argument is of type 'XSpi * {aka struct <anonymous> *}'
 static INLINE u32 Xil_In32(UINTPTR Addr)
                   ^~~~~~~~
In file included from ../../standalone_bsp_0/microblaze_0/include/xspi.h:314:0,
                 from ../src/main.c:40:
../src/main.c: In function 'WR_int_callback':
../../standalone_bsp_0/microblaze_0/include/xspi_l.h:98:12: warning: passing argument 1 of 'Xil_In32' makes integer from pointer without a cast [-Wint-conversion]
  XSpi_In32((BaseAddress) + (RegOffset))
            ^
../src/main.c:1798:10: note: in expansion of macro 'XSpi_ReadReg'
  while ((XSpi_ReadReg(&Spi, XSP_SR_OFFSET) & XSP_SR_TX_EMPTY_MASK) != 0);
          ^~~~~~~~~~~~
In file included from ../../standalone_bsp_0/microblaze_0/include/xgpio_l.h:83:0,
                 from ../../standalone_bsp_0/microblaze_0/include/xgpio.h:132,
                 from ../src/main.c:28:
../../standalone_bsp_0/microblaze_0/include/xil_io.h:147:19: note: expected 'UINTPTR {aka unsigned int}' but argument is of type 'XSpi * {aka struct <anonymous> *}'
 static INLINE u32 Xil_In32(UINTPTR Addr)
                   ^~~~~~~~
Finished building: ../src/main.c
 
Building target: quabo_service.elf
Invoking: MicroBlaze gcc linker
mb-gcc -L../../standalone_bsp_0/microblaze_0/lib -Wl,-T -Wl,../src/lscript.ld -mlittle-endian -mcpu=v11.0 -mxl-soft-mul -Wl,--no-relax -Wl,--gc-sections -o "quabo_service.elf"  ./src/casper_src/casper_tapcp.o ./src/casper_src/casper_tftp.o ./src/casper_src/csl.o ./src/casper_src/flash.o ./src/casper_src/gpio_spi_sel.o ./src/casper_src/icap.o ./src/casper_src/spi.o ./src/casper_src/tftp_server.o ./src/casper_src/tmrctr.o  ./src/EthCore_Configuration.o ./src/main.o ./src/platform.o ./src/platform_mb.o   -Wl,--start-group,-lxil,-lgcc,-lc,--end-group -Wl,--start-group,-lxil,-llwip4,-lgcc,-lc,--end-group
Finished building target: quabo_service.elf
 
Invoking: MicroBlaze Print Size
mb-size quabo_service.elf  |tee "quabo_service.elf.size"
   text	   data	    bss	    dec	    hex	filename
 103122	   2052	 141546	 246720	  3c3c0	quabo_service.elf
Finished building: quabo_service.elf.size
 
15:10:37 **** Auto Build of configuration Debug for project quabo_service ****
make all 
Building file: ../src/main.c
Invoking: MicroBlaze gcc compiler
mb-gcc -Wall -O0 -g3 -I../../standalone_bsp_0/microblaze_0/include -c -fmessage-length=0 -MT"src/main.o" -mxl-frequency -mxl-frequency -mxl-frequency -mxl-frequency -mlittle-endian -mcpu=v11.0 -mxl-soft-mul -Wl,--no-relax -ffunction-sections -fdata-sections -MMD -MP -MF"src/main.d" -MT"src/main.o" -o "src/main.o" "../src/main.c"
../src/main.c: In function 'main':
../src/main.c:507:20: warning: passing argument 2 of 'udp_recv' from incompatible pointer type [-Wincompatible-pointer-types]
  udp_recv(cmd_pcb, recv_callback, NULL);
                    ^~~~~~~~~~~~~
In file included from ../src/main.c:37:0:
../../standalone_bsp_0/microblaze_0/include/lwip/udp.h:123:18: note: expected 'udp_recv_fn {aka void (*)(void *, struct udp_pcb *, struct pbuf *, const struct ip4_addr *, short unsigned int)}' but argument is of type 'void (*)(void *, struct udp_pcb *, struct pbuf *, struct ip4_addr *, u16_t) {aka void (*)(void *, struct udp_pcb *, struct pbuf *, struct ip4_addr *, short unsigned int)}'
 void             udp_recv       (struct udp_pcb *pcb, udp_recv_fn recv,
                  ^~~~~~~~
../src/main.c:401:16: warning: unused variable 'flash_uid' [-Wunused-variable]
  unsigned char flash_uid[8];
                ^~~~~~~~~
../src/main.c: In function 'Set_MAROC_registers':
../src/main.c:907:6: warning: variable 'val2write' set but not used [-Wunused-but-set-variable]
  u32 val2write;
      ^~~~~~~~~
In file included from ../../standalone_bsp_0/microblaze_0/include/xspi.h:314:0,
                 from ../src/main.c:40:
../src/main.c: In function 'GetHouseKeeping':
../../standalone_bsp_0/microblaze_0/include/xspi_l.h:98:12: warning: passing argument 1 of 'Xil_In32' makes integer from pointer without a cast [-Wint-conversion]
  XSpi_In32((BaseAddress) + (RegOffset))
            ^
../src/main.c:1142:7: note: in expansion of macro 'XSpi_ReadReg'
  if ((XSpi_ReadReg(&Spi, XSP_SR_OFFSET) & XSP_SR_TX_EMPTY_MASK) != 0) return -1;
       ^~~~~~~~~~~~
In file included from ../../standalone_bsp_0/microblaze_0/include/xgpio_l.h:83:0,
                 from ../../standalone_bsp_0/microblaze_0/include/xgpio.h:132,
                 from ../src/main.c:28:
../../standalone_bsp_0/microblaze_0/include/xil_io.h:147:19: note: expected 'UINTPTR {aka unsigned int}' but argument is of type 'XSpi * {aka struct <anonymous> *}'
 static INLINE u32 Xil_In32(UINTPTR Addr)
                   ^~~~~~~~
In file included from ../../standalone_bsp_0/microblaze_0/include/xspi.h:314:0,
                 from ../src/main.c:40:
../src/main.c: In function 'WR_int_callback':
../../standalone_bsp_0/microblaze_0/include/xspi_l.h:98:12: warning: passing argument 1 of 'Xil_In32' makes integer from pointer without a cast [-Wint-conversion]
  XSpi_In32((BaseAddress) + (RegOffset))
            ^
../src/main.c:1798:10: note: in expansion of macro 'XSpi_ReadReg'
  while ((XSpi_ReadReg(&Spi, XSP_SR_OFFSET) & XSP_SR_TX_EMPTY_MASK) != 0);
          ^~~~~~~~~~~~
In file included from ../../standalone_bsp_0/microblaze_0/include/xgpio_l.h:83:0,
[...]
15:39:54 **** Auto Build of configuration Debug for project quabo_service ****
make all 
Building file: ../src/main.c
Invoking: MicroBlaze gcc compiler
mb-gcc -Wall -O0 -g3 -I../../standalone_bsp_0/microblaze_0/include -c -fmessage-length=0 -MT"src/main.o" -mxl-frequency -mxl-frequency -mxl-frequency -mxl-frequency -mlittle-endian -mcpu=v11.0 -mxl-soft-mul -Wl,--no-relax -ffunction-sections -fdata-sections -MMD -MP -MF"src/main.d" -MT"src/main.o" -o "src/main.o" "../src/main.c"
../src/main.c: In function 'main':
../src/main.c:507:20: warning: passing argument 2 of 'udp_recv' from incompatible pointer type [-Wincompatible-pointer-types]
  udp_recv(cmd_pcb, recv_callback, NULL);
                    ^~~~~~~~~~~~~
In file included from ../src/main.c:37:0:
../../standalone_bsp_0/microblaze_0/include/lwip/udp.h:123:18: note: expected 'udp_recv_fn {aka void (*)(void *, struct udp_pcb *, struct pbuf *, const struct ip4_addr *, short unsigned int)}' but argument is of type 'void (*)(void *, struct udp_pcb *, struct pbuf *, struct ip4_addr *, u16_t) {aka void (*)(void *, struct udp_pcb *, struct pbuf *, struct ip4_addr *, short unsigned int)}'
 void             udp_recv       (struct udp_pcb *pcb, udp_recv_fn recv,
                  ^~~~~~~~
../src/main.c:401:16: warning: unused variable 'flash_uid' [-Wunused-variable]
  unsigned char flash_uid[8];
                ^~~~~~~~~
../src/main.c: In function 'Set_MAROC_registers':
../src/main.c:907:6: warning: variable 'val2write' set but not used [-Wunused-but-set-variable]
  u32 val2write;
      ^~~~~~~~~
In file included from ../../standalone_bsp_0/microblaze_0/include/xspi.h:314:0,
                 from ../src/main.c:40:
../src/main.c: In function 'GetHouseKeeping':
../../standalone_bsp_0/microblaze_0/include/xspi_l.h:98:12: warning: passing argument 1 of 'Xil_In32' makes integer from pointer without a cast [-Wint-conversion]
  XSpi_In32((BaseAddress) + (RegOffset))
            ^
../src/main.c:1142:7: note: in expansion of macro 'XSpi_ReadReg'
  if ((XSpi_ReadReg(&Spi, XSP_SR_OFFSET) & XSP_SR_TX_EMPTY_MASK) != 0) return -1;
       ^~~~~~~~~~~~
In file included from ../../standalone_bsp_0/microblaze_0/include/xgpio_l.h:83:0,
                 from ../../standalone_bsp_0/microblaze_0/include/xgpio.h:132,
                 from ../src/main.c:28:
../../standalone_bsp_0/microblaze_0/include/xil_io.h:147:19: note: expected 'UINTPTR {aka unsigned int}' but argument is of type 'XSpi * {aka struct <anonymous> *}'
 static INLINE u32 Xil_In32(UINTPTR Addr)
                   ^~~~~~~~
In file included from ../../standalone_bsp_0/microblaze_0/include/xspi.h:314:0,
                 from ../src/main.c:40:
../src/main.c: In function 'WR_int_callback':
../../standalone_bsp_0/microblaze_0/include/xspi_l.h:98:12: warning: passing argument 1 of 'Xil_In32' makes integer from pointer without a cast [-Wint-conversion]
  XSpi_In32((BaseAddress) + (RegOffset))
            ^
../src/main.c:1798:10: note: in expansion of macro 'XSpi_ReadReg'
  while ((XSpi_ReadReg(&Spi, XSP_SR_OFFSET) & XSP_SR_TX_EMPTY_MASK) != 0);
          ^~~~~~~~~~~~
In file included from ../../standalone_bsp_0/microblaze_0/include/xgpio_l.h:83:0,
                 from ../../standalone_bsp_0/microblaze_0/include/xgpio.h:132,
                 from ../src/main.c:28:
../../standalone_bsp_0/microblaze_0/include/xil_io.h:147:19: note: expected 'UINTPTR {aka unsigned int}' but argument is of type 'XSpi * {aka struct <anonymous> *}'
 static INLINE u32 Xil_In32(UINTPTR Addr)
                   ^~~~~~~~
Finished building: ../src/main.c
 
Building target: quabo_service.elf
Invoking: MicroBlaze gcc linker
mb-gcc -L../../standalone_bsp_0/microblaze_0/lib -Wl,-T -Wl,../src/lscript.ld -mlittle-endian -mcpu=v11.0 -mxl-soft-mul -Wl,--no-relax -Wl,--gc-sections -o "quabo_service.elf"  ./src/casper_src/casper_tapcp.o ./src/casper_src/casper_tftp.o ./src/casper_src/csl.o ./src/casper_src/flash.o ./src/casper_src/gpio_spi_sel.o ./src/casper_src/icap.o ./src/casper_src/spi.o ./src/casper_src/tftp_server.o ./src/casper_src/tmrctr.o  ./src/EthCore_Configuration.o ./src/main.o ./src/platform.o ./src/platform_mb.o   -Wl,--start-group,-lxil,-lgcc,-lc,--end-group -Wl,--start-group,-lxil,-llwip4,-lgcc,-lc,--end-group
/home/wei/Software/Vivado/install/SDK/2018.3/gnu/microblaze/lin/bin/../lib/gcc/microblaze-xilinx-elf/7.3.1/../../../../microblaze-xilinx-elf/bin/ld: quabo_service.elf section `.stack' will not fit in region `microblaze_0_local_memory_ilmb_bram_if_cntlr_Mem_microblaze_0_local_memory_dlmb_bram_if_cntlr_Mem'
/home/wei/Software/Vivado/install/SDK/2018.3/gnu/microblaze/lin/bin/../lib/gcc/microblaze-xilinx-elf/7.3.1/../../../../microblaze-xilinx-elf/bin/ld: region `microblaze_0_local_memory_ilmb_bram_if_cntlr_Mem_microblaze_0_local_memory_dlmb_bram_if_cntlr_Mem' overflowed by 12328 bytes
collect2: error: ld returned 1 exit status
makefile:37: recipe for target 'quabo_service.elf' failed
make: *** [quabo_service.elf] Error 1
15:40:21 **** Auto Build of configuration Debug for project quabo_service ****
make all 
Building file: ../src/main.c
Invoking: MicroBlaze gcc compiler
mb-gcc -Wall -O0 -g3 -I../../standalone_bsp_0/microblaze_0/include -c -fmessage-length=0 -MT"src/main.o" -mxl-frequency -mxl-frequency -mxl-frequency -mxl-frequency -mlittle-endian -mcpu=v11.0 -mxl-soft-mul -Wl,--no-relax -ffunction-sections -fdata-sections -MMD -MP -MF"src/main.d" -MT"src/main.o" -o "src/main.o" "../src/main.c"
../src/main.c: In function 'main':
../src/main.c:507:20: warning: passing argument 2 of 'udp_recv' from incompatible pointer type [-Wincompatible-pointer-types]
  udp_recv(cmd_pcb, recv_callback, NULL);
                    ^~~~~~~~~~~~~
In file included from ../src/main.c:37:0:
../../standalone_bsp_0/microblaze_0/include/lwip/udp.h:123:18: note: expected 'udp_recv_fn {aka void (*)(void *, struct udp_pcb *, struct pbuf *, const struct ip4_addr *, short unsigned int)}' but argument is of type 'void (*)(void *, struct udp_pcb *, struct pbuf *, struct ip4_addr *, u16_t) {aka void (*)(void *, struct udp_pcb *, struct pbuf *, struct ip4_addr *, short unsigned int)}'
 void             udp_recv       (struct udp_pcb *pcb, udp_recv_fn recv,
                  ^~~~~~~~
../src/main.c:401:16: warning: unused variable 'flash_uid' [-Wunused-variable]
  unsigned char flash_uid[8];
                ^~~~~~~~~
../src/main.c: In function 'Set_MAROC_registers':
../src/main.c:907:6: warning: variable 'val2write' set but not used [-Wunused-but-set-variable]
  u32 val2write;
      ^~~~~~~~~
In file included from ../../standalone_bsp_0/microblaze_0/include/xspi.h:314:0,
                 from ../src/main.c:40:
../src/main.c: In function 'GetHouseKeeping':
../../standalone_bsp_0/microblaze_0/include/xspi_l.h:98:12: warning: passing argument 1 of 'Xil_In32' makes integer from pointer without a cast [-Wint-conversion]
  XSpi_In32((BaseAddress) + (RegOffset))
            ^
../src/main.c:1142:7: note: in expansion of macro 'XSpi_ReadReg'
  if ((XSpi_ReadReg(&Spi, XSP_SR_OFFSET) & XSP_SR_TX_EMPTY_MASK) != 0) return -1;
       ^~~~~~~~~~~~
In file included from ../../standalone_bsp_0/microblaze_0/include/xgpio_l.h:83:0,
                 from ../../standalone_bsp_0/microblaze_0/include/xgpio.h:132,
                 from ../src/main.c:28:
../../standalone_bsp_0/microblaze_0/include/xil_io.h:147:19: note: expected 'UINTPTR {aka unsigned int}' but argument is of type 'XSpi * {aka struct <anonymous> *}'
 static INLINE u32 Xil_In32(UINTPTR Addr)
                   ^~~~~~~~
In file included from ../../standalone_bsp_0/microblaze_0/include/xspi.h:314:0,
                 from ../src/main.c:40:
../src/main.c: In function 'WR_int_callback':
../../standalone_bsp_0/microblaze_0/include/xspi_l.h:98:12: warning: passing argument 1 of 'Xil_In32' makes integer from pointer without a cast [-Wint-conversion]
  XSpi_In32((BaseAddress) + (RegOffset))
            ^
../src/main.c:1798:10: note: in expansion of macro 'XSpi_ReadReg'
  while ((XSpi_ReadReg(&Spi, XSP_SR_OFFSET) & XSP_SR_TX_EMPTY_MASK) != 0);
          ^~~~~~~~~~~~
In file included from ../../standalone_bsp_0/microblaze_0/include/xgpio_l.h:83:0,
                 from ../../standalone_bsp_0/microblaze_0/include/xgpio.h:132,
                 from ../src/main.c:28:
../../standalone_bsp_0/microblaze_0/include/xil_io.h:147:19: note: expected 'UINTPTR {aka unsigned int}' but argument is of type 'XSpi * {aka struct <anonymous> *}'
 static INLINE u32 Xil_In32(UINTPTR Addr)
                   ^~~~~~~~
Finished building: ../src/main.c
 
Building target: quabo_service.elf
Invoking: MicroBlaze gcc linker
mb-gcc -L../../standalone_bsp_0/microblaze_0/lib -Wl,-T -Wl,../src/lscript.ld -mlittle-endian -mcpu=v11.0 -mxl-soft-mul -Wl,--no-relax -Wl,--gc-sections -o "quabo_service.elf"  ./src/casper_src/casper_tapcp.o ./src/casper_src/casper_tftp.o ./src/casper_src/csl.o ./src/casper_src/flash.o ./src/casper_src/gpio_spi_sel.o ./src/casper_src/icap.o ./src/casper_src/spi.o ./src/casper_src/tftp_server.o ./src/casper_src/tmrctr.o  ./src/EthCore_Configuration.o ./src/main.o ./src/platform.o ./src/platform_mb.o   -Wl,--start-group,-lxil,-lgcc,-lc,--end-group -Wl,--start-group,-lxil,-llwip4,-lgcc,-lc,--end-group
/home/wei/Software/Vivado/install/SDK/2018.3/gnu/microblaze/lin/bin/../lib/gcc/microblaze-xilinx-elf/7.3.1/../../../../microblaze-xilinx-elf/bin/ld: quabo_service.elf section `.stack' will not fit in region `microblaze_0_local_memory_ilmb_bram_if_cntlr_Mem_microblaze_0_local_memory_dlmb_bram_if_cntlr_Mem'
/home/wei/Software/Vivado/install/SDK/2018.3/gnu/microblaze/lin/bin/../lib/gcc/microblaze-xilinx-elf/7.3.1/../../../../microblaze-xilinx-elf/bin/ld: region `microblaze_0_local_memory_ilmb_bram_if_cntlr_Mem_microblaze_0_local_memory_dlmb_bram_if_cntlr_Mem' overflowed by 12104 bytes
collect2: error: ld returned 1 exit status
make: *** [quabo_service.elf] Error 1
makefile:37: recipe for target 'quabo_service.elf' failed
15:40:29 **** Auto Build of configuration Debug for project quabo_service ****
make all 
Building target: quabo_service.elf
Invoking: MicroBlaze gcc linker
mb-gcc -L../../standalone_bsp_0/microblaze_0/lib -Wl,-T -Wl,../src/lscript.ld -mlittle-endian -mcpu=v11.0 -mxl-soft-mul -Wl,--no-relax -Wl,--gc-sections -o "quabo_service.elf"  ./src/casper_src/casper_tapcp.o ./src/casper_src/casper_tftp.o ./src/casper_src/csl.o ./src/casper_src/flash.o ./src/casper_src/gpio_spi_sel.o ./src/casper_src/icap.o ./src/casper_src/spi.o ./src/casper_src/tftp_server.o ./src/casper_src/tmrctr.o  ./src/EthCore_Configuration.o ./src/main.o ./src/platform.o ./src/platform_mb.o   -Wl,--start-group,-lxil,-lgcc,-lc,--end-group -Wl,--start-group,-lxil,-llwip4,-lgcc,-lc,--end-group
/home/wei/Software/Vivado/install/SDK/2018.3/gnu/microblaze/lin/bin/../lib/gcc/microblaze-xilinx-elf/7.3.1/../../../../microblaze-xilinx-elf/bin/ld: quabo_service.elf section `.stack' will not fit in region `microblaze_0_local_memory_ilmb_bram_if_cntlr_Mem_microblaze_0_local_memory_dlmb_bram_if_cntlr_Mem'
makefile:37: recipe for target 'quabo_service.elf' failed
/home/wei/Software/Vivado/install/SDK/2018.3/gnu/microblaze/lin/bin/../lib/gcc/microblaze-xilinx-elf/7.3.1/../../../../microblaze-xilinx-elf/bin/ld: region `microblaze_0_local_memory_ilmb_bram_if_cntlr_Mem_microblaze_0_local_memory_dlmb_bram_if_cntlr_Mem' overflowed by 8008 bytes
collect2: error: ld returned 1 exit status
make: *** [quabo_service.elf] Error 1
15:40:36 **** Auto Build of configuration Debug for project quabo_service ****
make all 
Building target: quabo_service.elf
Invoking: MicroBlaze gcc linker
mb-gcc -L../../standalone_bsp_0/microblaze_0/lib -Wl,-T -Wl,../src/lscript.ld -mlittle-endian -mcpu=v11.0 -mxl-soft-mul -Wl,--no-relax -Wl,--gc-sections -o "quabo_service.elf"  ./src/casper_src/casper_tapcp.o ./src/casper_src/casper_tftp.o ./src/casper_src/csl.o ./src/casper_src/flash.o ./src/casper_src/gpio_spi_sel.o ./src/casper_src/icap.o ./src/casper_src/spi.o ./src/casper_src/tftp_server.o ./src/casper_src/tmrctr.o  ./src/EthCore_Configuration.o ./src/main.o ./src/platform.o ./src/platform_mb.o   -Wl,--start-group,-lxil,-lgcc,-lc,--end-group -Wl,--start-group,-lxil,-llwip4,-lgcc,-lc,--end-group
/home/wei/Software/Vivado/install/SDK/2018.3/gnu/microblaze/lin/bin/../lib/gcc/microblaze-xilinx-elf/7.3.1/../../../../microblaze-xilinx-elf/bin/ld: quabo_service.elf section `.stack' will not fit in region `microblaze_0_local_memory_ilmb_bram_if_cntlr_Mem_microblaze_0_local_memory_dlmb_bram_if_cntlr_Mem'
makefile:37: recipe for target 'quabo_service.elf' failed
/home/wei/Software/Vivado/install/SDK/2018.3/gnu/microblaze/lin/bin/../lib/gcc/microblaze-xilinx-elf/7.3.1/../../../../microblaze-xilinx-elf/bin/ld: region `microblaze_0_local_memory_ilmb_bram_if_cntlr_Mem_microblaze_0_local_memory_dlmb_bram_if_cntlr_Mem' overflowed by 3912 bytes
collect2: error: ld returned 1 exit status
make: *** [quabo_service.elf] Error 1
15:40:43 **** Auto Build of configuration Debug for project quabo_service ****
make all 
Building target: quabo_service.elf
Invoking: MicroBlaze gcc linker
mb-gcc -L../../standalone_bsp_0/microblaze_0/lib -Wl,-T -Wl,../src/lscript.ld -mlittle-endian -mcpu=v11.0 -mxl-soft-mul -Wl,--no-relax -Wl,--gc-sections -o "quabo_service.elf"  ./src/casper_src/casper_tapcp.o ./src/casper_src/casper_tftp.o ./src/casper_src/csl.o ./src/casper_src/flash.o ./src/casper_src/gpio_spi_sel.o ./src/casper_src/icap.o ./src/casper_src/spi.o ./src/casper_src/tftp_server.o ./src/casper_src/tmrctr.o  ./src/EthCore_Configuration.o ./src/main.o ./src/platform.o ./src/platform_mb.o   -Wl,--start-group,-lxil,-lgcc,-lc,--end-group -Wl,--start-group,-lxil,-llwip4,-lgcc,-lc,--end-group
Finished building target: quabo_service.elf
 
Invoking: MicroBlaze Print Size
mb-size quabo_service.elf  |tee "quabo_service.elf.size"
   text	   data	    bss	    dec	    hex	filename
 110042	   2136	 149734	 261912	  3ff18	quabo_service.elf
Finished building: quabo_service.elf.size
 
15:42:14 **** Auto Build of configuration Debug for project quabo_service ****
make all 
Building file: ../src/main.c
Invoking: MicroBlaze gcc compiler
mb-gcc -Wall -O0 -g3 -I../../standalone_bsp_0/microblaze_0/include -c -fmessage-length=0 -MT"src/main.o" -mxl-frequency -mxl-frequency -mxl-frequency -mxl-frequency -mlittle-endian -mcpu=v11.0 -mxl-soft-mul -Wl,--no-relax -ffunction-sections -fdata-sections -MMD -MP -MF"src/main.d" -MT"src/main.o" -o "src/main.o" "../src/main.c"
../src/main.c: In function 'main':
../src/main.c:507:20: warning: passing argument 2 of 'udp_recv' from incompatible pointer type [-Wincompatible-pointer-types]
  udp_recv(cmd_pcb, recv_callback, NULL);
                    ^~~~~~~~~~~~~
In file included from ../src/main.c:37:0:
../../standalone_bsp_0/microblaze_0/include/lwip/udp.h:123:18: note: expected 'udp_recv_fn {aka void (*)(void *, struct udp_pcb *, struct pbuf *, const struct ip4_addr *, short unsigned int)}' but argument is of type 'void (*)(void *, struct udp_pcb *, struct pbuf *, struct ip4_addr *, u16_t) {aka void (*)(void *, struct udp_pcb *, struct pbuf *, struct ip4_addr *, short unsigned int)}'
 void             udp_recv       (struct udp_pcb *pcb, udp_recv_fn recv,
                  ^~~~~~~~
../src/main.c:401:16: warning: unused variable 'flash_uid' [-Wunused-variable]
  unsigned char flash_uid[8];
                ^~~~~~~~~
../src/main.c: In function 'Set_MAROC_registers':
../src/main.c:907:6: warning: variable 'val2write' set but not used [-Wunused-but-set-variable]
  u32 val2write;
      ^~~~~~~~~
In file included from ../../standalone_bsp_0/microblaze_0/include/xspi.h:314:0,
                 from ../src/main.c:40:
../src/main.c: In function 'GetHouseKeeping':
../../standalone_bsp_0/microblaze_0/include/xspi_l.h:98:12: warning: passing argument 1 of 'Xil_In32' makes integer from pointer without a cast [-Wint-conversion]
  XSpi_In32((BaseAddress) + (RegOffset))
            ^
../src/main.c:1142:7: note: in expansion of macro 'XSpi_ReadReg'
  if ((XSpi_ReadReg(&Spi, XSP_SR_OFFSET) & XSP_SR_TX_EMPTY_MASK) != 0) return -1;
       ^~~~~~~~~~~~
In file included from ../../standalone_bsp_0/microblaze_0/include/xgpio_l.h:83:0,
                 from ../../standalone_bsp_0/microblaze_0/include/xgpio.h:132,
                 from ../src/main.c:28:
../../standalone_bsp_0/microblaze_0/include/xil_io.h:147:19: note: expected 'UINTPTR {aka unsigned int}' but argument is of type 'XSpi * {aka struct <anonymous> *}'
 static INLINE u32 Xil_In32(UINTPTR Addr)
                   ^~~~~~~~
In file included from ../../standalone_bsp_0/microblaze_0/include/xspi.h:314:0,
                 from ../src/main.c:40:
../src/main.c: In function 'WR_int_callback':
../../standalone_bsp_0/microblaze_0/include/xspi_l.h:98:12: warning: passing argument 1 of 'Xil_In32' makes integer from pointer without a cast [-Wint-conversion]
  XSpi_In32((BaseAddress) + (RegOffset))
            ^
../src/main.c:1798:10: note: in expansion of macro 'XSpi_ReadReg'
  while ((XSpi_ReadReg(&Spi, XSP_SR_OFFSET) & XSP_SR_TX_EMPTY_MASK) != 0);
          ^~~~~~~~~~~~
In file included from ../../standalone_bsp_0/microblaze_0/include/xgpio_l.h:83:0,
                 from ../../standalone_bsp_0/microblaze_0/include/xgpio.h:132,
                 from ../src/main.c:28:
../../standalone_bsp_0/microblaze_0/include/xil_io.h:147:19: note: expected 'UINTPTR {aka unsigned int}' but argument is of type 'XSpi * {aka struct <anonymous> *}'
 static INLINE u32 Xil_In32(UINTPTR Addr)
                   ^~~~~~~~
Finished building: ../src/main.c
 
Building target: quabo_service.elf
Invoking: MicroBlaze gcc linker
mb-gcc -L../../standalone_bsp_0/microblaze_0/lib -Wl,-T -Wl,../src/lscript.ld -mlittle-endian -mcpu=v11.0 -mxl-soft-mul -Wl,--no-relax -Wl,--gc-sections -o "quabo_service.elf"  ./src/casper_src/casper_tapcp.o ./src/casper_src/casper_tftp.o ./src/casper_src/csl.o ./src/casper_src/flash.o ./src/casper_src/gpio_spi_sel.o ./src/casper_src/icap.o ./src/casper_src/spi.o ./src/casper_src/tftp_server.o ./src/casper_src/tmrctr.o  ./src/EthCore_Configuration.o ./src/main.o ./src/platform.o ./src/platform_mb.o   -Wl,--start-group,-lxil,-lgcc,-lc,--end-group -Wl,--start-group,-lxil,-llwip4,-lgcc,-lc,--end-group
/home/wei/Software/Vivado/install/SDK/2018.3/gnu/microblaze/lin/bin/../lib/gcc/microblaze-xilinx-elf/7.3.1/../../../../microblaze-xilinx-elf/bin/ld: quabo_service.elf section `.stack' will not fit in region `microblaze_0_local_memory_ilmb_bram_if_cntlr_Mem_microblaze_0_local_memory_dlmb_bram_if_cntlr_Mem'
/home/wei/Software/Vivado/install/SDK/2018.3/gnu/microblaze/lin/bin/../lib/gcc/microblaze-xilinx-elf/7.3.1/../../../../microblaze-xilinx-elf/bin/ld: region `microblaze_0_local_memory_ilmb_bram_if_cntlr_Mem_microblaze_0_local_memory_dlmb_bram_if_cntlr_Mem' overflowed by 1200 bytes
collect2: error: ld returned 1 exit status
make: *** [quabo_service.elf] Error 1
makefile:37: recipe for target 'quabo_service.elf' failed
15:43:07 **** Auto Build of configuration Debug for project quabo_service ****
make all 
Building target: quabo_service.elf
Invoking: MicroBlaze gcc linker
mb-gcc -L../../standalone_bsp_0/microblaze_0/lib -Wl,-T -Wl,../src/lscript.ld -mlittle-endian -mcpu=v11.0 -mxl-soft-mul -Wl,--no-relax -Wl,--gc-sections -o "quabo_service.elf"  ./src/casper_src/casper_tapcp.o ./src/casper_src/casper_tftp.o ./src/casper_src/csl.o ./src/casper_src/flash.o ./src/casper_src/gpio_spi_sel.o ./src/casper_src/icap.o ./src/casper_src/spi.o ./src/casper_src/tftp_server.o ./src/casper_src/tmrctr.o  ./src/EthCore_Configuration.o ./src/main.o ./src/platform.o ./src/platform_mb.o   -Wl,--start-group,-lxil,-lgcc,-lc,--end-group -Wl,--start-group,-lxil,-llwip4,-lgcc,-lc,--end-group
Finished building target: quabo_service.elf
 
Invoking: MicroBlaze Print Size
mb-size quabo_service.elf  |tee "quabo_service.elf.size"
   text	   data	    bss	    dec	    hex	filename
 111426	   2136	 145638	 259200	  3f480	quabo_service.elf
Finished building: quabo_service.elf.size
 
