15:43:07 **** Auto Build of configuration Debug for project quabo_service ****
make all 
Building target: quabo_service.elf
Invoking: MicroBlaze gcc linker
mb-gcc -L../../standalone_bsp_0/microblaze_0/lib -Wl,-T -Wl,../src/lscript.ld -mlittle-endian -mcpu=v11.0 -mxl-soft-mul -Wl,--no-relax -Wl,--gc-sections -o "quabo_service.elf"  ./src/casper_src/casper_tapcp.o ./src/casper_src/casper_tftp.o ./src/casper_src/csl.o ./src/casper_src/flash.o ./src/casper_src/gpio_spi_sel.o ./src/casper_src/icap.o ./src/casper_src/spi.o ./src/casper_src/tftp_server.o ./src/casper_src/tmrctr.o  ./src/EthCore_Configuration.o ./src/main.o ./src/platform.o ./src/platform_mb.o   -Wl,--start-group,-lxil,-lgcc,-lc,--end-group -Wl,--start-group,-lxil,-llwip4,-lgcc,-lc,--end-group
Finished building target: quabo_service.elf
 
Invoking: MicroBlaze Print Size
mb-size quabo_service.elf  |tee "quabo_service.elf.size"
   text	   data	    bss	    dec	    hex	filename
 111426	   2136	 145638	 259200	  3f480	quabo_service.elf
Finished building: quabo_service.elf.size
 

15:43:07 Build Finished (took 260ms)

